Archive member included to satisfy reference by file (symbol)

/Applications/VEXcode V5 Text.app/Contents/Resources/sdk/vexv5/libv5rt.a(v5_startup.c.obj)
                              (vexStartup)
/Applications/VEXcode V5 Text.app/Contents/Resources/sdk/vexv5/libv5rt.a(v5_util.c.obj)
                              /Applications/VEXcode V5 Text.app/Contents/Resources/sdk/vexv5/libv5rt.a(v5_startup.c.obj) (vexStdlibVersionLinked)
/Applications/VEXcode V5 Text.app/Contents/Resources/sdk/vexv5/libv5rt.a(v5_apijump.c.obj)
                              /Applications/VEXcode V5 Text.app/Contents/Resources/sdk/vexv5/libv5rt.a(v5_startup.c.obj) (vexPrivateApiEnable)
/Applications/VEXcode V5 Text.app/Contents/Resources/sdk/vexv5/libv5rt.a(v5_apiversions.c.obj)
                              /Applications/VEXcode V5 Text.app/Contents/Resources/sdk/vexv5/libv5rt.a(v5_apijump.c.obj) (vexSystemVersion)
/Applications/VEXcode V5 Text.app/Contents/Resources/sdk/vexv5/libv5rt.a(vex_global.cpp.obj)
                              build/src/main.o (vex::prop60)
/Applications/VEXcode V5 Text.app/Contents/Resources/sdk/vexv5/libv5rt.a(vex_thread.cpp.obj)
                              /Applications/VEXcode V5 Text.app/Contents/Resources/sdk/vexv5/libv5rt.a(vex_global.cpp.obj) (vex::this_thread::sleep_for(unsigned long))
/Applications/VEXcode V5 Text.app/Contents/Resources/sdk/vexv5/libv5rt.a(vex_brain.cpp.obj)
                              build/src/robot-config.o (vex::brain::~brain())
/Applications/VEXcode V5 Text.app/Contents/Resources/sdk/vexv5/libv5rt.a(vex_triport.cpp.obj)
                              /Applications/VEXcode V5 Text.app/Contents/Resources/sdk/vexv5/libv5rt.a(vex_brain.cpp.obj) (vex::triport::~triport())
/Applications/VEXcode V5 Text.app/Contents/Resources/sdk/vexv5/libv5rt.a(vex_color.cpp.obj)
                              /Applications/VEXcode V5 Text.app/Contents/Resources/sdk/vexv5/libv5rt.a(vex_brain.cpp.obj) (vex::color::operator unsigned long() const)
/Applications/VEXcode V5 Text.app/Contents/Resources/sdk/vexv5/libv5rt.a(vex_timer.cpp.obj)
                              /Applications/VEXcode V5 Text.app/Contents/Resources/sdk/vexv5/libv5rt.a(vex_brain.cpp.obj) (vex::timer::~timer())
/Applications/VEXcode V5 Text.app/Contents/Resources/sdk/vexv5/libv5rt.a(v5_apiuser.c.obj)
                              /Applications/VEXcode V5 Text.app/Contents/Resources/sdk/vexv5/libv5rt.a(vex_triport.cpp.obj) (vexAdiPortConfigSet)
/Applications/VEXcode V5 Text.app/Contents/Resources/sdk/vexv5/libv5rt.a(vex_device.cpp.obj)
                              /Applications/VEXcode V5 Text.app/Contents/Resources/sdk/vexv5/libv5rt.a(vex_triport.cpp.obj) (vex::device::value())
/Applications/VEXcode V5 Text.app/Contents/Resources/sdk/vexv5/libv5rt.a(vex_event.cpp.obj)
                              /Applications/VEXcode V5 Text.app/Contents/Resources/sdk/vexv5/libv5rt.a(vex_brain.cpp.obj) (vex::event::init(unsigned long, unsigned long, void (*)()))
/Applications/VEXcode V5 Text.app/Contents/Resources/sdk/vexv5/libv5rt.a(vex_mevent.cpp.obj)
                              /Applications/VEXcode V5 Text.app/Contents/Resources/sdk/vexv5/libv5rt.a(vex_brain.cpp.obj) (vex::mevent::mevent(unsigned long, unsigned long))
/Applications/VEXcode V5 Text.app/Contents/Resources/sdk/vexv5/gcc/libs/libc.a(lib_a-fini.o)
                              /Applications/VEXcode V5 Text.app/Contents/Resources/sdk/vexv5/libv5rt.a(v5_startup.c.obj) (__libc_fini_array)
/Applications/VEXcode V5 Text.app/Contents/Resources/sdk/vexv5/gcc/libs/libc.a(lib_a-impure.o)
                              /Applications/VEXcode V5 Text.app/Contents/Resources/sdk/vexv5/libv5rt.a(v5_startup.c.obj) (_impure_ptr)
/Applications/VEXcode V5 Text.app/Contents/Resources/sdk/vexv5/gcc/libs/libc.a(lib_a-init.o)
                              /Applications/VEXcode V5 Text.app/Contents/Resources/sdk/vexv5/libv5rt.a(v5_startup.c.obj) (__libc_init_array)
/Applications/VEXcode V5 Text.app/Contents/Resources/sdk/vexv5/gcc/libs/libc.a(lib_a-tolower.o)
                              /Applications/VEXcode V5 Text.app/Contents/Resources/sdk/vexv5/libv5rt.a(vex_brain.cpp.obj) (tolower)
/Applications/VEXcode V5 Text.app/Contents/Resources/sdk/vexv5/gcc/libs/libc.a(lib_a-ctype_.o)
                              /Applications/VEXcode V5 Text.app/Contents/Resources/sdk/vexv5/gcc/libs/libc.a(lib_a-tolower.o) (__ctype_ptr__)

Allocating common symbols
Common symbol       size              file

__vex_critical_section
                    0x1               /Applications/VEXcode V5 Text.app/Contents/Resources/sdk/vexv5/libv5rt.a(v5_startup.c.obj)

Discarded input sections

 .text          0x0000000000000000        0x0 build/src/main.o
 .text._Z10insertTextSsiiiiiiiSs
                0x0000000000000000      0x180 build/src/main.o
 .ARM.exidx.text._Z10insertTextSsiiiiiiiSs
                0x0000000000000000        0x8 build/src/main.o
 .bss.nextId    0x0000000000000000        0x4 build/src/main.o
[...]
Memory Configuration

Name             Origin             Length             Attributes
ps7_ddr_0_S_AXI_BASEADDR 0x0000000003800000 0x0000000004800000
*default*        0x0000000000000000 0xffffffffffffffff

Linker script and memory map

                0x0000000000002000                _STACK_SIZE = DEFINED (_STACK_SIZE)?_STACK_SIZE:0x2000
                0x0000000000100000                _HEAP_SIZE = DEFINED (_HEAP_SIZE)?_HEAP_SIZE:0x100000
                0x0000000000000400                _ABORT_STACK_SIZE = DEFINED (_ABORT_STACK_SIZE)?_ABORT_STACK_SIZE:0x400
                0x0000000000000800                _SUPERVISOR_STACK_SIZE = DEFINED (_SUPERVISOR_STACK_SIZE)?_SUPERVISOR_STACK_SIZE:0x800
                0x0000000000000400                _IRQ_STACK_SIZE = DEFINED (_IRQ_STACK_SIZE)?_IRQ_STACK_SIZE:0x400
                0x0000000000000400                _FIQ_STACK_SIZE = DEFINED (_FIQ_STACK_SIZE)?_FIQ_STACK_SIZE:0x400
                0x0000000000000400                _UNDEF_STACK_SIZE = DEFINED (_UNDEF_STACK_SIZE)?_UNDEF_STACK_SIZE:0x400

.text           0x0000000003800000      0xf78
 *(.vectors)
 *(.boot_data)
 .boot_data     0x0000000003800000       0x20 /Applications/VEXcode V5 Text.app/Contents/Resources/sdk/vexv5/libv5rt.a(v5_startup.c.obj)
                0x0000000003800000                vexCodeSig
                0x0000000000000020                . = 0x20
 *(.boot)
 .boot          0x0000000003800020       0xbc /Applications/VEXcode V5 Text.app/Contents/Resources/sdk/vexv5/libv5rt.a(v5_startup.c.obj)
                0x0000000003800020                vexStartup
                0x0000000003800100                . = ALIGN (0x40)
 *fill*         0x00000000038000dc       0x24 
 *(.freertos_vectors)
 *(.text)
 *(.text.*)
 .text.main     0x0000000003800100       0x10 build/src/main.o
                0x0000000003800100                main
 .text._Z11vexcodeInitv
                0x0000000003800110        0x4 build/src/robot-config.o
                0x0000000003800110                vexcodeInit()
 .text._GLOBAL__sub_I_robot_config.cpp
                0x0000000003800114       0x34 build/src/robot-config.o
 .text.vexMain  0x0000000003800148       0xb0 /Applications/VEXcode V5 Text.app/Contents/Resources/sdk/vexv5/libv5rt.a(v5_startup.c.obj)
                0x0000000003800148                vexMain
 .text.__vex_function_prolog
                0x00000000038001f8       0x18 /Applications/VEXcode V5 Text.app/Contents/Resources/sdk/vexv5/libv5rt.a(v5_startup.c.obj)
                0x00000000038001f8                __vex_function_prolog
 .text._init    0x0000000003800210        0x4 /Applications/VEXcode V5 Text.app/Contents/Resources/sdk/vexv5/libv5rt.a(v5_startup.c.obj)
                0x0000000003800210                _init
 .text._fini    0x0000000003800214        0x4 /Applications/VEXcode V5 Text.app/Contents/Resources/sdk/vexv5/libv5rt.a(v5_startup.c.obj)
                0x0000000003800214                _fini
 .text.vexStdlibVersionLinked
                0x0000000003800218        0xc /Applications/VEXcode V5 Text.app/Contents/Resources/sdk/vexv5/libv5rt.a(v5_util.c.obj)
                0x0000000003800218                vexStdlibVersionLinked
 .text.vexStdlibVersionVerify
                0x0000000003800224       0x30 /Applications/VEXcode V5 Text.app/Contents/Resources/sdk/vexv5/libv5rt.a(v5_util.c.obj)
                0x0000000003800224                vexStdlibVersionVerify
 .text.vexPrivateApiEnable
                0x0000000003800254       0x10 /Applications/VEXcode V5 Text.app/Contents/Resources/sdk/vexv5/libv5rt.a(v5_apijump.c.obj)
                0x0000000003800254                vexPrivateApiEnable
 .text.vexStdlibMismatchError
                0x0000000003800264       0x3c /Applications/VEXcode V5 Text.app/Contents/Resources/sdk/vexv5/libv5rt.a(v5_apijump.c.obj)
                0x0000000003800264                vexStdlibMismatchError
 .text.vexTaskAdd
                0x00000000038002a0       0x10 /Applications/VEXcode V5 Text.app/Contents/Resources/sdk/vexv5/libv5rt.a(v5_apijump.c.obj)
                0x00000000038002a0                vexTaskAdd
 .text.vexTasksRun
                0x00000000038002b0       0x10 /Applications/VEXcode V5 Text.app/Contents/Resources/sdk/vexv5/libv5rt.a(v5_apijump.c.obj)
                0x00000000038002b0                vexTasksRun
 .text.vexTaskCheckTimeslice
                0x00000000038002c0       0x10 /Applications/VEXcode V5 Text.app/Contents/Resources/sdk/vexv5/libv5rt.a(v5_apijump.c.obj)
                0x00000000038002c0                vexTaskCheckTimeslice
 .text.vexTasksDump
                0x00000000038002d0       0x1c /Applications/VEXcode V5 Text.app/Contents/Resources/sdk/vexv5/libv5rt.a(v5_apijump.c.obj)
                0x00000000038002d0                vexTasksDump
 .text.vexTaskGetTaskIndex
                0x00000000038002ec       0x10 /Applications/VEXcode V5 Text.app/Contents/Resources/sdk/vexv5/libv5rt.a(v5_apijump.c.obj)
                0x00000000038002ec                vexTaskGetTaskIndex
 .text.vexTaskStopAll
                0x00000000038002fc       0x10 /Applications/VEXcode V5 Text.app/Contents/Resources/sdk/vexv5/libv5rt.a(v5_apijump.c.obj)
                0x00000000038002fc                vexTaskStopAll
 .text.vexTaskCompletionIdSet
                0x000000000380030c       0x10 /Applications/VEXcode V5 Text.app/Contents/Resources/sdk/vexv5/libv5rt.a(v5_apijump.c.obj)
                0x000000000380030c                vexTaskCompletionIdSet
 .text.vexEventAdd
                0x000000000380031c       0x34 /Applications/VEXcode V5 Text.app/Contents/Resources/sdk/vexv5/libv5rt.a(v5_apijump.c.obj)
                0x000000000380031c                vexEventAdd
 .text.vexEventUserIndexGet
                0x0000000003800350       0x1c /Applications/VEXcode V5 Text.app/Contents/Resources/sdk/vexv5/libv5rt.a(v5_apijump.c.obj)
                0x0000000003800350                vexEventUserIndexGet
 .text.vexDebug
                0x000000000380036c       0x38 /Applications/VEXcode V5 Text.app/Contents/Resources/sdk/vexv5/libv5rt.a(v5_apijump.c.obj)
                0x000000000380036c                vexDebug
 .text.vexSystemTimeGet
                0x00000000038003a4       0x1c /Applications/VEXcode V5 Text.app/Contents/Resources/sdk/vexv5/libv5rt.a(v5_apijump.c.obj)
                0x00000000038003a4                vexSystemTimeGet
 .text.vexSystemExitRequest
                0x00000000038003c0       0x1c /Applications/VEXcode V5 Text.app/Contents/Resources/sdk/vexv5/libv5rt.a(v5_apijump.c.obj)
                0x00000000038003c0                vexSystemExitRequest
 .text.vexDeviceGetByIndex
                0x00000000038003dc       0x24 /Applications/VEXcode V5 Text.app/Contents/Resources/sdk/vexv5/libv5rt.a(v5_apijump.c.obj)
                0x00000000038003dc                vexDeviceGetByIndex
 .text.vexDeviceAdiPortConfigSet
                0x0000000003800400       0x34 /Applications/VEXcode V5 Text.app/Contents/Resources/sdk/vexv5/libv5rt.a(v5_apijump.c.obj)
                0x0000000003800400                vexDeviceAdiPortConfigSet
 .text.vexDisplayForegroundColor
                0x0000000003800434       0x24 /Applications/VEXcode V5 Text.app/Contents/Resources/sdk/vexv5/libv5rt.a(v5_apijump.c.obj)
                0x0000000003800434                vexDisplayForegroundColor
 .text.vexDisplayBackgroundColor
                0x0000000003800458       0x24 /Applications/VEXcode V5 Text.app/Contents/Resources/sdk/vexv5/libv5rt.a(v5_apijump.c.obj)
                0x0000000003800458                vexDisplayBackgroundColor
 .text.vexDisplayTextReference
                0x000000000380047c       0x24 /Applications/VEXcode V5 Text.app/Contents/Resources/sdk/vexv5/libv5rt.a(v5_apijump.c.obj)
                0x000000000380047c                vexDisplayTextReference
 .text.vexDisplayTextSize
                0x00000000038004a0       0x2c /Applications/VEXcode V5 Text.app/Contents/Resources/sdk/vexv5/libv5rt.a(v5_apijump.c.obj)
                0x00000000038004a0                vexDisplayTextSize
 .text.vexDisplayFontNamedSet
                0x00000000038004cc       0x24 /Applications/VEXcode V5 Text.app/Contents/Resources/sdk/vexv5/libv5rt.a(v5_apijump.c.obj)
                0x00000000038004cc                vexDisplayFontNamedSet
 .text.vexSystemStdlibImpureDataAddr
                0x00000000038004f0       0x28 /Applications/VEXcode V5 Text.app/Contents/Resources/sdk/vexv5/libv5rt.a(v5_apijump.c.obj)
                0x00000000038004f0                vexSystemStdlibImpureDataAddr
 .text.vexSystemStdlibImpureDataSize
                0x0000000003800518       0x28 /Applications/VEXcode V5 Text.app/Contents/Resources/sdk/vexv5/libv5rt.a(v5_apijump.c.obj)
                0x0000000003800518                vexSystemStdlibImpureDataSize
 .text.vexSystemSaveUserData
                0x0000000003800540       0x3c /Applications/VEXcode V5 Text.app/Contents/Resources/sdk/vexv5/libv5rt.a(v5_apijump.c.obj)
                0x0000000003800540                vexSystemSaveUserData
 .text.vexDisplayThemeIdGet
                0x000000000380057c       0x38 /Applications/VEXcode V5 Text.app/Contents/Resources/sdk/vexv5/libv5rt.a(v5_apijump.c.obj)
                0x000000000380057c                vexDisplayThemeIdGet
 .text.vexDeviceEventMaskSet
                0x00000000038005b4       0x48 /Applications/VEXcode V5 Text.app/Contents/Resources/sdk/vexv5/libv5rt.a(v5_apijump.c.obj)
                0x00000000038005b4                vexDeviceEventMaskSet
 .text.vexDeviceEventMaskGet
                0x00000000038005fc       0x3c /Applications/VEXcode V5 Text.app/Contents/Resources/sdk/vexv5/libv5rt.a(v5_apijump.c.obj)
                0x00000000038005fc                vexDeviceEventMaskGet
 .text.vexSystemVersion
                0x0000000003800638       0x10 /Applications/VEXcode V5 Text.app/Contents/Resources/sdk/vexv5/libv5rt.a(v5_apiversions.c.obj)
                0x0000000003800638                vexSystemVersion
 .text.vexStdlibVersion
                0x0000000003800648       0x10 /Applications/VEXcode V5 Text.app/Contents/Resources/sdk/vexv5/libv5rt.a(v5_apiversions.c.obj)
                0x0000000003800648                vexStdlibVersion
 .text._ZN3vex5brainD2Ev
                0x0000000003800658       0x20 /Applications/VEXcode V5 Text.app/Contents/Resources/sdk/vexv5/libv5rt.a(vex_brain.cpp.obj)
                0x0000000003800658                vex::brain::~brain()
                0x0000000003800658                vex::brain::~brain()
 .text._ZN3vex5brain9_getIndexEv
                0x0000000003800678       0x10 /Applications/VEXcode V5 Text.app/Contents/Resources/sdk/vexv5/libv5rt.a(vex_brain.cpp.obj)
                0x0000000003800678                vex::brain::_getIndex()
 .text._ZN3vex5brain3lcd9setCursorEll
                0x0000000003800688       0x44 /Applications/VEXcode V5 Text.app/Contents/Resources/sdk/vexv5/libv5rt.a(vex_brain.cpp.obj)
                0x0000000003800688                vex::brain::lcd::setCursor(long, long)
 .text._ZN3vex5brain3lcd7setFontENS_8fontTypeE
                0x00000000038006cc      0x23c /Applications/VEXcode V5 Text.app/Contents/Resources/sdk/vexv5/libv5rt.a(vex_brain.cpp.obj)
                0x00000000038006cc                vex::brain::lcd::setFont(vex::fontType)
 .text._ZN3vex5brain3lcdC2Ev
                0x0000000003800908       0x94 /Applications/VEXcode V5 Text.app/Contents/Resources/sdk/vexv5/libv5rt.a(vex_brain.cpp.obj)
                0x0000000003800908                vex::brain::lcd::lcd()
                0x0000000003800908                vex::brain::lcd::lcd()
 .text._ZN3vex5brainC2Ev
                0x000000000380099c       0x38 /Applications/VEXcode V5 Text.app/Contents/Resources/sdk/vexv5/libv5rt.a(vex_brain.cpp.obj)
                0x000000000380099c                vex::brain::brain()
                0x000000000380099c                vex::brain::brain()
 .text._ZN3vex7triport9installedEv
                0x00000000038009d4       0x18 /Applications/VEXcode V5 Text.app/Contents/Resources/sdk/vexv5/libv5rt.a(vex_triport.cpp.obj)
                0x00000000038009d4                vex::triport::installed()
 .text._ZN3vex7triportD2Ev
                0x00000000038009ec       0x38 /Applications/VEXcode V5 Text.app/Contents/Resources/sdk/vexv5/libv5rt.a(vex_triport.cpp.obj)
                0x00000000038009ec                vex::triport::~triport()
                0x00000000038009ec                vex::triport::~triport()
 .text._ZN3vex7triport4portC2ElPS0_
                0x0000000003800a24       0x90 /Applications/VEXcode V5 Text.app/Contents/Resources/sdk/vexv5/libv5rt.a(vex_triport.cpp.obj)
                0x0000000003800a24                vex::triport::port::port(long, vex::triport*)
                0x0000000003800a24                vex::triport::port::port(long, vex::triport*)
 .text._ZN3vex7triportC2El
                0x0000000003800ab4       0xf0 /Applications/VEXcode V5 Text.app/Contents/Resources/sdk/vexv5/libv5rt.a(vex_triport.cpp.obj)
                0x0000000003800ab4                vex::triport::triport(long)
                0x0000000003800ab4                vex::triport::triport(long)
 .text.startup._GLOBAL__sub_I__ZN3vex7triportC2El
                0x0000000003800ba4       0x30 /Applications/VEXcode V5 Text.app/Contents/Resources/sdk/vexv5/libv5rt.a(vex_triport.cpp.obj)
 .text._ZN3vex5colorD2Ev
                0x0000000003800bd4        0x4 /Applications/VEXcode V5 Text.app/Contents/Resources/sdk/vexv5/libv5rt.a(vex_color.cpp.obj)
                0x0000000003800bd4                vex::color::~color()
                0x0000000003800bd4                vex::color::~color()
 .text.startup._GLOBAL__sub_I__ZN3vex5color5blackE
                0x0000000003800bd8      0x164 /Applications/VEXcode V5 Text.app/Contents/Resources/sdk/vexv5/libv5rt.a(vex_color.cpp.obj)
 .text._ZN3vex5timerD2Ev
                0x0000000003800d3c        0x4 /Applications/VEXcode V5 Text.app/Contents/Resources/sdk/vexv5/libv5rt.a(vex_timer.cpp.obj)
                0x0000000003800d3c                vex::timer::~timer()
                0x0000000003800d3c                vex::timer::~timer()
 .text._ZN3vex5timer5clearEv
                0x0000000003800d40       0x1c /Applications/VEXcode V5 Text.app/Contents/Resources/sdk/vexv5/libv5rt.a(vex_timer.cpp.obj)
                0x0000000003800d40                vex::timer::clear()
 .text._ZN3vex5timerC2Ev
                0x0000000003800d5c       0x14 /Applications/VEXcode V5 Text.app/Contents/Resources/sdk/vexv5/libv5rt.a(vex_timer.cpp.obj)
                0x0000000003800d5c                vex::timer::timer()
                0x0000000003800d5c                vex::timer::timer()
 .text.vexAdiPortConfigSet
                0x0000000003800d70       0x28 /Applications/VEXcode V5 Text.app/Contents/Resources/sdk/vexv5/libv5rt.a(v5_apiuser.c.obj)
                0x0000000003800d70                vexAdiPortConfigSet
 .text.vexEventMaskSet
                0x0000000003800d98       0x28 /Applications/VEXcode V5 Text.app/Contents/Resources/sdk/vexv5/libv5rt.a(v5_apiuser.c.obj)
                0x0000000003800d98                vexEventMaskSet
 .text.vexEventMaskGet
                0x0000000003800dc0       0x18 /Applications/VEXcode V5 Text.app/Contents/Resources/sdk/vexv5/libv5rt.a(v5_apiuser.c.obj)
                0x0000000003800dc0                vexEventMaskGet
 .text._ZN3vex6device5valueEv
                0x0000000003800dd8        0x8 /Applications/VEXcode V5 Text.app/Contents/Resources/sdk/vexv5/libv5rt.a(vex_device.cpp.obj)
                0x0000000003800dd8                vex::device::value()
 .text._ZN3vex6deviceD2Ev
                0x0000000003800de0        0x4 /Applications/VEXcode V5 Text.app/Contents/Resources/sdk/vexv5/libv5rt.a(vex_device.cpp.obj)
                0x0000000003800de0                vex::device::~device()
                0x0000000003800de0                vex::device::~device()
 .text._ZN3vex6device4initEl
                0x0000000003800de4       0x30 /Applications/VEXcode V5 Text.app/Contents/Resources/sdk/vexv5/libv5rt.a(vex_device.cpp.obj)
                0x0000000003800de4                vex::device::init(long)
 .text._ZN3vex6deviceC2El
                0x0000000003800e14       0x20 /Applications/VEXcode V5 Text.app/Contents/Resources/sdk/vexv5/libv5rt.a(vex_device.cpp.obj)
                0x0000000003800e14                vex::device::device(long)
                0x0000000003800e14                vex::device::device(long)
 .text._ZN3vex6device4typeEv
                0x0000000003800e34       0x10 /Applications/VEXcode V5 Text.app/Contents/Resources/sdk/vexv5/libv5rt.a(vex_device.cpp.obj)
                0x0000000003800e34                vex::device::type()
 .text._ZN3vex6device9installedEv
                0x0000000003800e44       0x14 /Applications/VEXcode V5 Text.app/Contents/Resources/sdk/vexv5/libv5rt.a(vex_device.cpp.obj)
                0x0000000003800e44                vex::device::installed()
 .text._ZN3vex5event4initEmmPFvvE
                0x0000000003800e58        0x4 /Applications/VEXcode V5 Text.app/Contents/Resources/sdk/vexv5/libv5rt.a(vex_event.cpp.obj)
                0x0000000003800e58                vex::event::init(unsigned long, unsigned long, void (*)())
 .text._ZN3vex5event9userindexEv
                0x0000000003800e5c        0x4 /Applications/VEXcode V5 Text.app/Contents/Resources/sdk/vexv5/libv5rt.a(vex_event.cpp.obj)
                0x0000000003800e5c                vex::event::userindex()
 .text._ZZN3vex6meventC4EmmENUlvE_4_FUNEv
                0x0000000003800e60        0x4 /Applications/VEXcode V5 Text.app/Contents/Resources/sdk/vexv5/libv5rt.a(vex_mevent.cpp.obj)
 .text._ZN3vex6meventC2Emm
                0x0000000003800e64       0x70 /Applications/VEXcode V5 Text.app/Contents/Resources/sdk/vexv5/libv5rt.a(vex_mevent.cpp.obj)
                0x0000000003800e64                vex::mevent::mevent(unsigned long, unsigned long)
                0x0000000003800e64                vex::mevent::mevent(unsigned long, unsigned long)
 .text.__libc_fini_array
                0x0000000003800ed4       0x30 /Applications/VEXcode V5 Text.app/Contents/Resources/sdk/vexv5/gcc/libs/libc.a(lib_a-fini.o)
                0x0000000003800ed4                __libc_fini_array
 .text.__libc_init_array
                0x0000000003800f04       0x58 /Applications/VEXcode V5 Text.app/Contents/Resources/sdk/vexv5/gcc/libs/libc.a(lib_a-init.o)
                0x0000000003800f04                __libc_init_array
 *fill*         0x0000000003800f5c        0x4 
 .text.__libc_init_array.__stub
                0x0000000003800f60       0x18 linker stubs
 *(.gnu.linkonce.t.*)
 *(.plt)
 *(.gnu_warning)
 *(.gcc_except_table)
 *(.glue_7)
 .glue_7        0x0000000003800f78        0x0 linker stubs
 *(.glue_7t)
 .glue_7t       0x0000000003800f78        0x0 linker stubs
 *(.vfp11_veneer)
 .vfp11_veneer  0x0000000003800f78        0x0 linker stubs
 *(.ARM.extab)
 *(.gnu.linkonce.armextab.*)

.v4_bx          0x0000000003800f78        0x0
 .v4_bx         0x0000000003800f78        0x0 linker stubs

.iplt           0x0000000003800f78        0x0
 .iplt          0x0000000003800f78        0x0 build/src/main.o

.init
 *(.init)

.fini
 *(.fini)

.rodata         0x0000000003800f78       0x84
                0x0000000003800f78                __rodata_start = .
 *(.rodata)
 *(.rodata.*)
 .rodata.str1.1
                0x0000000003800f78       0x2e /Applications/VEXcode V5 Text.app/Contents/Resources/sdk/vexv5/libv5rt.a(v5_startup.c.obj)
 *fill*         0x0000000003800fa6        0x2 
 .rodata._ZN3vex6PORT22E
                0x0000000003800fa8        0x4 /Applications/VEXcode V5 Text.app/Contents/Resources/sdk/vexv5/libv5rt.a(vex_global.cpp.obj)
                0x0000000003800fa8                vex::PORT22
 .rodata.str1.1
                0x0000000003800fac       0x2b /Applications/VEXcode V5 Text.app/Contents/Resources/sdk/vexv5/libv5rt.a(vex_brain.cpp.obj)
 *fill*         0x0000000003800fd7        0x1 
 .rodata._ZTVN3vex7triportE
                0x0000000003800fd8       0x10 /Applications/VEXcode V5 Text.app/Contents/Resources/sdk/vexv5/libv5rt.a(vex_triport.cpp.obj)
                0x0000000003800fd8                vtable for vex::triport
 .rodata._ZTVN3vex6deviceE
                0x0000000003800fe8       0x10 /Applications/VEXcode V5 Text.app/Contents/Resources/sdk/vexv5/libv5rt.a(vex_device.cpp.obj)
                0x0000000003800fe8                vtable for vex::device
 .rodata.str1.4
                0x0000000003800ff8        0x4 /Applications/VEXcode V5 Text.app/Contents/Resources/sdk/vexv5/gcc/libs/libc.a(lib_a-impure.o)
                                          0x2 (size before relaxing)
 *(.gnu.linkonce.r.*)
                0x0000000003800ffc                __rodata_end = .

.rodata1        0x0000000003800ffc        0x0
                0x0000000003800ffc                __rodata1_start = .
 *(.rodata1)
 *(.rodata1.*)
                0x0000000003800ffc                __rodata1_end = .

.sdata2         0x0000000003800ffc        0x0
                0x0000000003800ffc                __sdata2_start = .
 *(.sdata2)
 *(.sdata2.*)
 *(.gnu.linkonce.s2.*)
                0x0000000003800ffc                __sdata2_end = .

.sbss2          0x0000000003800ffc        0x0
                0x0000000003800ffc                __sbss2_start = .
 *(.sbss2)
 *(.sbss2.*)
 *(.gnu.linkonce.sb2.*)
                0x0000000003800ffc                __sbss2_end = .

.data           0x0000000003801000      0x434
                0x0000000003801000                __data_start = .
 *(.data)
 *(.data.*)
 .data.appRunning
                0x0000000003801000        0x4 /Applications/VEXcode V5 Text.app/Contents/Resources/sdk/vexv5/libv5rt.a(v5_startup.c.obj)
                0x0000000003801000                appRunning
 *fill*         0x0000000003801004        0x4 
 .data.impure_data
                0x0000000003801008      0x428 /Applications/VEXcode V5 Text.app/Contents/Resources/sdk/vexv5/gcc/libs/libc.a(lib_a-impure.o)
 .data._impure_ptr
                0x0000000003801430        0x4 /Applications/VEXcode V5 Text.app/Contents/Resources/sdk/vexv5/gcc/libs/libc.a(lib_a-impure.o)
                0x0000000003801430                _impure_ptr
 *(.gnu.linkonce.d.*)
 *(.jcr)
 *(.got)
 *(.got.plt)
                0x0000000003801434                __data_end = .

.igot.plt       0x0000000003801434        0x0
 .igot.plt      0x0000000003801434        0x0 build/src/main.o

.data1          0x0000000003801434        0x0
                0x0000000003801434                __data1_start = .
 *(.data1)
 *(.data1.*)
                0x0000000003801434                __data1_end = .

.got
 *(.got)

.ctors          0x0000000003801434        0x0
                0x0000000003801434                __CTOR_LIST__ = .
                0x0000000003801434                ___CTORS_LIST___ = .
 *crtbegin.o(.ctors)
 *(EXCLUDE_FILE(*crtend.o) .ctors)
 *(SORT_BY_NAME(.ctors.*))
 *(.ctors)
                0x0000000003801434                __CTOR_END__ = .
                0x0000000003801434                ___CTORS_END___ = .

.dtors          0x0000000003801434        0x0
                0x0000000003801434                __DTOR_LIST__ = .
                0x0000000003801434                ___DTORS_LIST___ = .
 *crtbegin.o(.dtors)
 *(EXCLUDE_FILE(*crtend.o) .dtors)
 *(SORT_BY_NAME(.dtors.*))
 *(.dtors)
                0x0000000003801434                __DTOR_END__ = .
                0x0000000003801434                ___DTORS_END___ = .

.fixup          0x0000000003801434        0x0
                0x0000000003801434                __fixup_start = .
 *(.fixup)
                0x0000000003801434                __fixup_end = .

.eh_frame
 *(.eh_frame)

.eh_framehdr    0x0000000003801434        0x0
                0x0000000003801434                __eh_framehdr_start = .
 *(.eh_framehdr)
                0x0000000003801434                __eh_framehdr_end = .

.gcc_except_table
 *(.gcc_except_table)

.mmu_tbl        0x0000000003804000        0x0
                0x0000000003804000                __mmu_tbl_start = .
 *(.mmu_tbl)
                0x0000000003804000                __mmu_tbl_end = .

.ARM.exidx      0x0000000003801434        0x8
                0x0000000003801434                __exidx_start = .
 *(.ARM.exidx*)
 .ARM.exidx.text.main
                0x0000000003801434        0x8 build/src/main.o
 .ARM.exidx.text._Z11vexcodeInitv
                0x000000000380143c        0x0 build/src/robot-config.o
                                          0x8 (size before relaxing)
 .ARM.exidx.text._GLOBAL__sub_I_robot_config.cpp
                0x000000000380143c        0x0 build/src/robot-config.o
                                          0x8 (size before relaxing)
 *(.gnu.linkonce.armexidix.*.*)
                0x000000000380143c                __exidx_end = .

.rel.dyn        0x000000000380143c        0x0
 .rel.iplt      0x000000000380143c        0x0 build/src/main.o

.preinit_array  0x000000000380143c        0x0
                0x000000000380143c                __preinit_array_start = .
 *(SORT_BY_NAME(.preinit_array.*))
 *(.preinit_array)
                0x000000000380143c                __preinit_array_end = .

.init_array     0x000000000380143c        0xc
                0x000000000380143c                __init_array_start = .
 *(SORT_BY_NAME(.init_array.*))
 *(.init_array)
 .init_array    0x000000000380143c        0x4 build/src/robot-config.o
 .init_array    0x0000000003801440        0x4 /Applications/VEXcode V5 Text.app/Contents/Resources/sdk/vexv5/libv5rt.a(vex_triport.cpp.obj)
 .init_array    0x0000000003801444        0x4 /Applications/VEXcode V5 Text.app/Contents/Resources/sdk/vexv5/libv5rt.a(vex_color.cpp.obj)
                0x0000000003801448                __init_array_end = .

.fini_array     0x0000000003801448        0x0
                0x0000000003801448                __fini_array_start = .
 *(SORT_BY_NAME(.fini_array.*))
 *(.fini_array)
                0x0000000003801448                __fini_array_end = .

.ARM.attributes
                0x0000000003801448       0x3c
                0x0000000003801448                __ARM.attributes_start = .
 *(.ARM.attributes)
 .ARM.attributes
                0x0000000003801448       0x3a build/src/main.o
 .ARM.attributes
                0x0000000003801482       0x3a build/src/robot-config.o
 .ARM.attributes
                0x00000000038014bc       0x35 /Applications/VEXcode V5 Text.app/Contents/Resources/sdk/vexv5/libv5rt.a(v5_startup.c.obj)
 .ARM.attributes
                0x00000000038014f1       0x35 /Applications/VEXcode V5 Text.app/Contents/Resources/sdk/vexv5/libv5rt.a(v5_util.c.obj)
 .ARM.attributes
                0x0000000003801526       0x35 /Applications/VEXcode V5 Text.app/Contents/Resources/sdk/vexv5/libv5rt.a(v5_apijump.c.obj)
 .ARM.attributes
                0x000000000380155b       0x35 /Applications/VEXcode V5 Text.app/Contents/Resources/sdk/vexv5/libv5rt.a(v5_apiversions.c.obj)
 .ARM.attributes
                0x0000000003801590       0x35 /Applications/VEXcode V5 Text.app/Contents/Resources/sdk/vexv5/libv5rt.a(vex_global.cpp.obj)
 .ARM.attributes
                0x00000000038015c5       0x35 /Applications/VEXcode V5 Text.app/Contents/Resources/sdk/vexv5/libv5rt.a(vex_brain.cpp.obj)
 .ARM.attributes
                0x00000000038015fa       0x35 /Applications/VEXcode V5 Text.app/Contents/Resources/sdk/vexv5/libv5rt.a(vex_triport.cpp.obj)
 .ARM.attributes
                0x000000000380162f       0x35 /Applications/VEXcode V5 Text.app/Contents/Resources/sdk/vexv5/libv5rt.a(vex_color.cpp.obj)
 .ARM.attributes
                0x0000000003801664       0x35 /Applications/VEXcode V5 Text.app/Contents/Resources/sdk/vexv5/libv5rt.a(vex_timer.cpp.obj)
 .ARM.attributes
                0x0000000003801699       0x35 /Applications/VEXcode V5 Text.app/Contents/Resources/sdk/vexv5/libv5rt.a(v5_apiuser.c.obj)
 .ARM.attributes
                0x00000000038016ce       0x35 /Applications/VEXcode V5 Text.app/Contents/Resources/sdk/vexv5/libv5rt.a(vex_device.cpp.obj)
 .ARM.attributes
                0x0000000003801703       0x35 /Applications/VEXcode V5 Text.app/Contents/Resources/sdk/vexv5/libv5rt.a(vex_event.cpp.obj)
 .ARM.attributes
                0x0000000003801738       0x35 /Applications/VEXcode V5 Text.app/Contents/Resources/sdk/vexv5/libv5rt.a(vex_mevent.cpp.obj)
 .ARM.attributes
                0x000000000380176d       0x2b /Applications/VEXcode V5 Text.app/Contents/Resources/sdk/vexv5/gcc/libs/libc.a(lib_a-fini.o)
 .ARM.attributes
                0x0000000003801798       0x2b /Applications/VEXcode V5 Text.app/Contents/Resources/sdk/vexv5/gcc/libs/libc.a(lib_a-impure.o)
 .ARM.attributes
                0x00000000038017c3       0x2b /Applications/VEXcode V5 Text.app/Contents/Resources/sdk/vexv5/gcc/libs/libc.a(lib_a-init.o)
                0x00000000038017ee                __ARM.attributes_end = .

.sdata          0x0000000003801448        0x0
                0x0000000003801448                __sdata_start = .
 *(.sdata)
 *(.sdata.*)
 *(.gnu.linkonce.s.*)
                0x0000000003801448                __sdata_end = .

.sbss           0x0000000003801448        0x0
                0x0000000003801448                __sbss_start = .
 *(.sbss)
 *(.sbss.*)
 *(.gnu.linkonce.sb.*)
                0x0000000003801448                __sbss_end = .

.tdata          0x0000000003801448        0x0
                0x0000000003801448                __tdata_start = .
 *(.tdata)
 *(.tdata.*)
 *(.gnu.linkonce.td.*)
                0x0000000003801448                __tdata_end = .

.tbss           0x0000000003801448        0x0
                0x0000000003801448                __tbss_start = .
 *(.tbss)
 *(.tbss.*)
 *(.gnu.linkonce.tb.*)
                0x0000000003801448                __tbss_end = .

.bss            0x0000000003801448      0x335
                0x0000000003801448                __bss_start = .
 *(.bss)
 *(.bss.*)
 .bss.Brain     0x0000000003801448      0x2dc build/src/robot-config.o
                0x0000000003801448                Brain
 .bss.__dso_handle
                0x0000000003801724        0x4 /Applications/VEXcode V5 Text.app/Contents/Resources/sdk/vexv5/libv5rt.a(v5_startup.c.obj)
                0x0000000003801724                __dso_handle
 .bss._ZStL8__ioinit
                0x0000000003801728        0x1 /Applications/VEXcode V5 Text.app/Contents/Resources/sdk/vexv5/libv5rt.a(vex_triport.cpp.obj)
 *fill*         0x0000000003801729        0x3 
 .bss._ZN3vex5color6orangeE
                0x000000000380172c        0x8 /Applications/VEXcode V5 Text.app/Contents/Resources/sdk/vexv5/libv5rt.a(vex_color.cpp.obj)
                0x000000000380172c                vex::color::orange
 .bss._ZN3vex5color5blackE
                0x0000000003801734        0x8 /Applications/VEXcode V5 Text.app/Contents/Resources/sdk/vexv5/libv5rt.a(vex_color.cpp.obj)
                0x0000000003801734                vex::color::black
 .bss._ZN3vex5color6yellowE
                0x000000000380173c        0x8 /Applications/VEXcode V5 Text.app/Contents/Resources/sdk/vexv5/libv5rt.a(vex_color.cpp.obj)
                0x000000000380173c                vex::color::yellow
 .bss._ZN3vex5color5greenE
                0x0000000003801744        0x8 /Applications/VEXcode V5 Text.app/Contents/Resources/sdk/vexv5/libv5rt.a(vex_color.cpp.obj)
                0x0000000003801744                vex::color::green
 .bss._ZN3vex5color6purpleE
                0x000000000380174c        0x8 /Applications/VEXcode V5 Text.app/Contents/Resources/sdk/vexv5/libv5rt.a(vex_color.cpp.obj)
                0x000000000380174c                vex::color::purple
 .bss._ZN3vex5color4cyanE
                0x0000000003801754        0x8 /Applications/VEXcode V5 Text.app/Contents/Resources/sdk/vexv5/libv5rt.a(vex_color.cpp.obj)
                0x0000000003801754                vex::color::cyan
 .bss._ZN3vex5color4blueE
                0x000000000380175c        0x8 /Applications/VEXcode V5 Text.app/Contents/Resources/sdk/vexv5/libv5rt.a(vex_color.cpp.obj)
                0x000000000380175c                vex::color::blue
 .bss._ZN3vex5color3redE
                0x0000000003801764        0x8 /Applications/VEXcode V5 Text.app/Contents/Resources/sdk/vexv5/libv5rt.a(vex_color.cpp.obj)
                0x0000000003801764                vex::color::red
 .bss._ZN3vex5color11transparentE
                0x000000000380176c        0x8 /Applications/VEXcode V5 Text.app/Contents/Resources/sdk/vexv5/libv5rt.a(vex_color.cpp.obj)
                0x000000000380176c                vex::color::transparent
 .bss._ZN3vex5color5whiteE
                0x0000000003801774        0x8 /Applications/VEXcode V5 Text.app/Contents/Resources/sdk/vexv5/libv5rt.a(vex_color.cpp.obj)
                0x0000000003801774                vex::color::white
 *(.gnu.linkonce.b.*)
 *(COMMON)
 COMMON         0x000000000380177c        0x1 /Applications/VEXcode V5 Text.app/Contents/Resources/sdk/vexv5/libv5rt.a(v5_startup.c.obj)
                0x000000000380177c                __vex_critical_section
                0x000000000380177d                __bss_end = .
                0x0000000003801448                _SDA_BASE_ = (__sdata_start + ((__sbss_end - __sdata_start) / 0x2))
                0x0000000003800ffc                _SDA2_BASE_ = (__sdata2_start + ((__sbss2_end - __sdata2_start) / 0x2))

.heap           0x000000000380177d   0x100003
                0x0000000003801780                . = ALIGN (0x10)
 *fill*         0x000000000380177d        0x3 
                0x0000000003801780                _heap = .
                0x0000000003801780                HeapBase = .
                0x0000000003801780                _heap_start = .
                0x0000000003901780                . = (. + _HEAP_SIZE)
 *fill*         0x0000000003801780   0x100000 
                0x0000000003901780                _heap_end = .
                0x0000000003901780                HeapLimit = .

.stack          0x0000000003901780     0x3800
                0x0000000003901780                . = ALIGN (0x10)
                0x0000000003901780                _stack_end = .
                0x0000000003903780                . = (. + _STACK_SIZE)
 *fill*         0x0000000003901780     0x2000 
                0x0000000003903780                . = ALIGN (0x10)
                0x0000000003903780                _stack = .
                0x0000000003903780                __stack = _stack
                0x0000000003903780                . = ALIGN (0x10)
                0x0000000003903780                _irq_stack_end = .
                0x0000000003903b80                . = (. + _IRQ_STACK_SIZE)
 *fill*         0x0000000003903780      0x400 
                0x0000000003903b80                . = ALIGN (0x10)
                0x0000000003903b80                __irq_stack = .
                0x0000000003903b80                _supervisor_stack_end = .
                0x0000000003904380                . = (. + _SUPERVISOR_STACK_SIZE)
 *fill*         0x0000000003903b80      0x800 
                0x0000000003904380                . = ALIGN (0x10)
                0x0000000003904380                __supervisor_stack = .
                0x0000000003904380                _abort_stack_end = .
                0x0000000003904780                . = (. + _ABORT_STACK_SIZE)
 *fill*         0x0000000003904380      0x400 
                0x0000000003904780                . = ALIGN (0x10)
                0x0000000003904780                __abort_stack = .
                0x0000000003904780                _fiq_stack_end = .
                0x0000000003904b80                . = (. + _FIQ_STACK_SIZE)
 *fill*         0x0000000003904780      0x400 
                0x0000000003904b80                . = ALIGN (0x10)
                0x0000000003904b80                __fiq_stack = .
                0x0000000003904b80                _undef_stack_end = .
                0x0000000003904f80                . = (. + _UNDEF_STACK_SIZE)
 *fill*         0x0000000003904b80      0x400 
                0x0000000003904f80                . = ALIGN (0x10)
                0x0000000003904f80                __undef_stack = .
                0x0000000003904f80                _end = .
LOAD /Applications/VEXcode V5 Text.app/Contents/Resources/sdk/vexv5/stdlib_0.lib
LOAD build/src/main.o
LOAD build/src/robot-config.o
START GROUP
LOAD /Applications/VEXcode V5 Text.app/Contents/Resources/sdk/vexv5/libv5rt.a
LOAD /Applications/VEXcode V5 Text.app/Contents/Resources/sdk/vexv5/gcc/libs/libstdc++.a
LOAD /Applications/VEXcode V5 Text.app/Contents/Resources/sdk/vexv5/gcc/libs/libc.a
LOAD /Applications/VEXcode V5 Text.app/Contents/Resources/sdk/vexv5/gcc/libs/libm.a
LOAD /Applications/VEXcode V5 Text.app/Contents/Resources/sdk/vexv5/gcc/libs/libgcc.a
END GROUP
OUTPUT(build/ButtonMakerTemplate.elf elf32-littlearm)

.comment        0x0000000000000000       0x9d
 .comment       0x0000000000000000       0x2d build/src/main.o
                                         0x2e (size before relaxing)
 .comment       0x000000000000002d       0x2e build/src/robot-config.o
 .comment       0x000000000000002d       0x70 /Applications/VEXcode V5 Text.app/Contents/Resources/sdk/vexv5/libv5rt.a(v5_startup.c.obj)
                                         0x71 (size before relaxing)
 .comment       0x000000000000009d       0x71 /Applications/VEXcode V5 Text.app/Contents/Resources/sdk/vexv5/libv5rt.a(v5_util.c.obj)
 .comment       0x000000000000009d       0x71 /Applications/VEXcode V5 Text.app/Contents/Resources/sdk/vexv5/libv5rt.a(v5_apijump.c.obj)
 .comment       0x000000000000009d       0x71 /Applications/VEXcode V5 Text.app/Contents/Resources/sdk/vexv5/libv5rt.a(v5_apiversions.c.obj)
 .comment       0x000000000000009d       0x71 /Applications/VEXcode V5 Text.app/Contents/Resources/sdk/vexv5/libv5rt.a(vex_global.cpp.obj)
 .comment       0x000000000000009d       0x71 /Applications/VEXcode V5 Text.app/Contents/Resources/sdk/vexv5/libv5rt.a(vex_brain.cpp.obj)
 .comment       0x000000000000009d       0x71 /Applications/VEXcode V5 Text.app/Contents/Resources/sdk/vexv5/libv5rt.a(vex_triport.cpp.obj)
 .comment       0x000000000000009d       0x71 /Applications/VEXcode V5 Text.app/Contents/Resources/sdk/vexv5/libv5rt.a(vex_color.cpp.obj)
 .comment       0x000000000000009d       0x71 /Applications/VEXcode V5 Text.app/Contents/Resources/sdk/vexv5/libv5rt.a(vex_timer.cpp.obj)
 .comment       0x000000000000009d       0x71 /Applications/VEXcode V5 Text.app/Contents/Resources/sdk/vexv5/libv5rt.a(v5_apiuser.c.obj)
 .comment       0x000000000000009d       0x71 /Applications/VEXcode V5 Text.app/Contents/Resources/sdk/vexv5/libv5rt.a(vex_device.cpp.obj)
 .comment       0x000000000000009d       0x71 /Applications/VEXcode V5 Text.app/Contents/Resources/sdk/vexv5/libv5rt.a(vex_event.cpp.obj)
 .comment       0x000000000000009d       0x71 /Applications/VEXcode V5 Text.app/Contents/Resources/sdk/vexv5/libv5rt.a(vex_mevent.cpp.obj)

.note.GNU-stack
                0x0000000000000000        0x0
 .note.GNU-stack
                0x0000000000000000        0x0 build/src/main.o
 .note.GNU-stack
                0x0000000000000000        0x0 build/src/robot-config.o

.debug_frame    0x0000000000000000       0x60
 .debug_frame   0x0000000000000000       0x34 /Applications/VEXcode V5 Text.app/Contents/Resources/sdk/vexv5/gcc/libs/libc.a(lib_a-fini.o)
 .debug_frame   0x0000000000000034       0x2c /Applications/VEXcode V5 Text.app/Contents/Resources/sdk/vexv5/gcc/libs/libc.a(lib_a-init.o)
