Archive member included to satisfy reference by file (symbol)

/Applications/VEXcode V5 Text.app/Contents/Resources/sdk/vexv5/libv5rt.a(v5_startup.c.obj)
                              (vexStartup)
/Applications/VEXcode V5 Text.app/Contents/Resources/sdk/vexv5/libv5rt.a(v5_util.c.obj)
                              /Applications/VEXcode V5 Text.app/Contents/Resources/sdk/vexv5/libv5rt.a(v5_startup.c.obj) (vexStdlibVersionLinked)
/Applications/VEXcode V5 Text.app/Contents/Resources/sdk/vexv5/libv5rt.a(v5_apijump.c.obj)
                              /Applications/VEXcode V5 Text.app/Contents/Resources/sdk/vexv5/libv5rt.a(v5_startup.c.obj) (vexPrivateApiEnable)
/Applications/VEXcode V5 Text.app/Contents/Resources/sdk/vexv5/libv5rt.a(v5_apiversions.c.obj)
                              /Applications/VEXcode V5 Text.app/Contents/Resources/sdk/vexv5/libv5rt.a(v5_apijump.c.obj) (vexSystemVersion)
/Applications/VEXcode V5 Text.app/Contents/Resources/sdk/vexv5/libv5rt.a(vex_task.cpp.obj)
                              build/src/main.o (vex::task::sleep(unsigned long))
/Applications/VEXcode V5 Text.app/Contents/Resources/sdk/vexv5/libv5rt.a(vex_brain.cpp.obj)
                              build/src/robot-config.o (vex::brain::~brain())
/Applications/VEXcode V5 Text.app/Contents/Resources/sdk/vexv5/libv5rt.a(vex_triport.cpp.obj)
                              /Applications/VEXcode V5 Text.app/Contents/Resources/sdk/vexv5/libv5rt.a(vex_brain.cpp.obj) (vex::triport::~triport())
/Applications/VEXcode V5 Text.app/Contents/Resources/sdk/vexv5/libv5rt.a(vex_color.cpp.obj)
                              /Applications/VEXcode V5 Text.app/Contents/Resources/sdk/vexv5/libv5rt.a(vex_brain.cpp.obj) (vex::color::operator unsigned long() const)
/Applications/VEXcode V5 Text.app/Contents/Resources/sdk/vexv5/libv5rt.a(vex_timer.cpp.obj)
                              /Applications/VEXcode V5 Text.app/Contents/Resources/sdk/vexv5/libv5rt.a(vex_brain.cpp.obj) (vex::timer::~timer())
/Applications/VEXcode V5 Text.app/Contents/Resources/sdk/vexv5/libv5rt.a(v5_apiuser.c.obj)
                              /Applications/VEXcode V5 Text.app/Contents/Resources/sdk/vexv5/libv5rt.a(vex_triport.cpp.obj) (vexAdiPortConfigSet)
/Applications/VEXcode V5 Text.app/Contents/Resources/sdk/vexv5/libv5rt.a(vex_global.cpp.obj)
                              /Applications/VEXcode V5 Text.app/Contents/Resources/sdk/vexv5/libv5rt.a(vex_brain.cpp.obj) (vex::PORT22)
/Applications/VEXcode V5 Text.app/Contents/Resources/sdk/vexv5/libv5rt.a(vex_device.cpp.obj)
                              /Applications/VEXcode V5 Text.app/Contents/Resources/sdk/vexv5/libv5rt.a(vex_triport.cpp.obj) (vex::device::value())
/Applications/VEXcode V5 Text.app/Contents/Resources/sdk/vexv5/libv5rt.a(vex_thread.cpp.obj)
                              /Applications/VEXcode V5 Text.app/Contents/Resources/sdk/vexv5/libv5rt.a(vex_global.cpp.obj) (vex::this_thread::sleep_for(unsigned long))
/Applications/VEXcode V5 Text.app/Contents/Resources/sdk/vexv5/libv5rt.a(vex_event.cpp.obj)
                              /Applications/VEXcode V5 Text.app/Contents/Resources/sdk/vexv5/libv5rt.a(vex_brain.cpp.obj) (vex::event::init(unsigned long, unsigned long, void (*)()))
/Applications/VEXcode V5 Text.app/Contents/Resources/sdk/vexv5/libv5rt.a(vex_mevent.cpp.obj)
                              /Applications/VEXcode V5 Text.app/Contents/Resources/sdk/vexv5/libv5rt.a(vex_brain.cpp.obj) (vex::mevent::mevent(unsigned long, unsigned long))
/Applications/VEXcode V5 Text.app/Contents/Resources/sdk/vexv5/gcc/libs/libc.a(lib_a-fini.o)
                              /Applications/VEXcode V5 Text.app/Contents/Resources/sdk/vexv5/libv5rt.a(v5_startup.c.obj) (__libc_fini_array)
/Applications/VEXcode V5 Text.app/Contents/Resources/sdk/vexv5/gcc/libs/libc.a(lib_a-impure.o)
                              /Applications/VEXcode V5 Text.app/Contents/Resources/sdk/vexv5/libv5rt.a(v5_startup.c.obj) (_impure_ptr)
/Applications/VEXcode V5 Text.app/Contents/Resources/sdk/vexv5/gcc/libs/libc.a(lib_a-init.o)
                              /Applications/VEXcode V5 Text.app/Contents/Resources/sdk/vexv5/libv5rt.a(v5_startup.c.obj) (__libc_init_array)
/Applications/VEXcode V5 Text.app/Contents/Resources/sdk/vexv5/gcc/libs/libc.a(lib_a-tolower.o)
                              /Applications/VEXcode V5 Text.app/Contents/Resources/sdk/vexv5/libv5rt.a(vex_brain.cpp.obj) (tolower)
/Applications/VEXcode V5 Text.app/Contents/Resources/sdk/vexv5/gcc/libs/libc.a(lib_a-ctype_.o)
                              /Applications/VEXcode V5 Text.app/Contents/Resources/sdk/vexv5/gcc/libs/libc.a(lib_a-tolower.o) (__ctype_ptr__)

Allocating common symbols
Common symbol       size              file

__vex_critical_section
                    0x1               /Applications/VEXcode V5 Text.app/Contents/Resources/sdk/vexv5/libv5rt.a(v5_startup.c.obj)

Discarded input sections

 .text          0x0000000000000000        0x0 build/src/main.o
[...]
Memory Configuration

Name             Origin             Length             Attributes
ps7_ddr_0_S_AXI_BASEADDR 0x0000000003800000 0x0000000004800000
*default*        0x0000000000000000 0xffffffffffffffff

Linker script and memory map

                0x0000000000002000                _STACK_SIZE = DEFINED (_STACK_SIZE)?_STACK_SIZE:0x2000
                0x0000000000100000                _HEAP_SIZE = DEFINED (_HEAP_SIZE)?_HEAP_SIZE:0x100000
                0x0000000000000400                _ABORT_STACK_SIZE = DEFINED (_ABORT_STACK_SIZE)?_ABORT_STACK_SIZE:0x400
                0x0000000000000800                _SUPERVISOR_STACK_SIZE = DEFINED (_SUPERVISOR_STACK_SIZE)?_SUPERVISOR_STACK_SIZE:0x800
                0x0000000000000400                _IRQ_STACK_SIZE = DEFINED (_IRQ_STACK_SIZE)?_IRQ_STACK_SIZE:0x400
                0x0000000000000400                _FIQ_STACK_SIZE = DEFINED (_FIQ_STACK_SIZE)?_FIQ_STACK_SIZE:0x400
                0x0000000000000400                _UNDEF_STACK_SIZE = DEFINED (_UNDEF_STACK_SIZE)?_UNDEF_STACK_SIZE:0x400

.text           0x0000000003800000     0x1708
 *(.vectors)
 *(.boot_data)
 .boot_data     0x0000000003800000       0x20 /Applications/VEXcode V5 Text.app/Contents/Resources/sdk/vexv5/libv5rt.a(v5_startup.c.obj)
                0x0000000003800000                vexCodeSig
                0x0000000000000020                . = 0x20
 *(.boot)
 .boot          0x0000000003800020       0xbc /Applications/VEXcode V5 Text.app/Contents/Resources/sdk/vexv5/libv5rt.a(v5_startup.c.obj)
                0x0000000003800020                vexStartup
                0x0000000003800100                . = ALIGN (0x40)
 *fill*         0x00000000038000dc       0x24 
 *(.freertos_vectors)
 *(.text)
 *(.text.*)
 .text._Z10insertTextSsiiii
                0x0000000003800100       0x54 build/src/main.o
                0x0000000003800100                insertText(std::string, int, int, int, int)
 .text.main     0x0000000003800154      0x170 build/src/main.o
                0x0000000003800154                main
 .text._ZN9lcdButtonC2EiiiiSs
                0x00000000038002c4       0xf0 build/src/main.o
                0x00000000038002c4                lcdButton::lcdButton(int, int, int, int, std::string)
 .text._ZN9lcdButton8pressingEv
                0x00000000038003b4       0x8c build/src/main.o
                0x00000000038003b4                lcdButton::pressing()
 .text._Z11vexcodeInitv
                0x0000000003800440        0x4 build/src/robot-config.o
                0x0000000003800440                vexcodeInit()
 .text._GLOBAL__sub_I_robot_config.cpp
                0x0000000003800444       0x34 build/src/robot-config.o
 .text.vexMain  0x0000000003800478       0xb0 /Applications/VEXcode V5 Text.app/Contents/Resources/sdk/vexv5/libv5rt.a(v5_startup.c.obj)
                0x0000000003800478                vexMain
 .text.__vex_function_prolog
                0x0000000003800528       0x18 /Applications/VEXcode V5 Text.app/Contents/Resources/sdk/vexv5/libv5rt.a(v5_startup.c.obj)
                0x0000000003800528                __vex_function_prolog
 .text._init    0x0000000003800540        0x4 /Applications/VEXcode V5 Text.app/Contents/Resources/sdk/vexv5/libv5rt.a(v5_startup.c.obj)
                0x0000000003800540                _init
 .text._fini    0x0000000003800544        0x4 /Applications/VEXcode V5 Text.app/Contents/Resources/sdk/vexv5/libv5rt.a(v5_startup.c.obj)
                0x0000000003800544                _fini
 .text.vexStdlibVersionLinked
                0x0000000003800548        0xc /Applications/VEXcode V5 Text.app/Contents/Resources/sdk/vexv5/libv5rt.a(v5_util.c.obj)
                0x0000000003800548                vexStdlibVersionLinked
 .text.vexStdlibVersionVerify
                0x0000000003800554       0x30 /Applications/VEXcode V5 Text.app/Contents/Resources/sdk/vexv5/libv5rt.a(v5_util.c.obj)
                0x0000000003800554                vexStdlibVersionVerify
 .text.vexPrivateApiEnable
                0x0000000003800584       0x10 /Applications/VEXcode V5 Text.app/Contents/Resources/sdk/vexv5/libv5rt.a(v5_apijump.c.obj)
                0x0000000003800584                vexPrivateApiEnable
 .text.vexStdlibMismatchError
                0x0000000003800594       0x3c /Applications/VEXcode V5 Text.app/Contents/Resources/sdk/vexv5/libv5rt.a(v5_apijump.c.obj)
                0x0000000003800594                vexStdlibMismatchError
 .text.vexTaskAdd
                0x00000000038005d0       0x10 /Applications/VEXcode V5 Text.app/Contents/Resources/sdk/vexv5/libv5rt.a(v5_apijump.c.obj)
                0x00000000038005d0                vexTaskAdd
 .text.vexTasksRun
                0x00000000038005e0       0x10 /Applications/VEXcode V5 Text.app/Contents/Resources/sdk/vexv5/libv5rt.a(v5_apijump.c.obj)
                0x00000000038005e0                vexTasksRun
 .text.vexTaskCheckTimeslice
                0x00000000038005f0       0x10 /Applications/VEXcode V5 Text.app/Contents/Resources/sdk/vexv5/libv5rt.a(v5_apijump.c.obj)
                0x00000000038005f0                vexTaskCheckTimeslice
 .text.vexTaskSleep
                0x0000000003800600       0x10 /Applications/VEXcode V5 Text.app/Contents/Resources/sdk/vexv5/libv5rt.a(v5_apijump.c.obj)
                0x0000000003800600                vexTaskSleep
 .text.vexTasksDump
                0x0000000003800610       0x1c /Applications/VEXcode V5 Text.app/Contents/Resources/sdk/vexv5/libv5rt.a(v5_apijump.c.obj)
                0x0000000003800610                vexTasksDump
 .text.vexTaskGetTaskIndex
                0x000000000380062c       0x10 /Applications/VEXcode V5 Text.app/Contents/Resources/sdk/vexv5/libv5rt.a(v5_apijump.c.obj)
                0x000000000380062c                vexTaskGetTaskIndex
 .text.vexTaskStopAll
                0x000000000380063c       0x10 /Applications/VEXcode V5 Text.app/Contents/Resources/sdk/vexv5/libv5rt.a(v5_apijump.c.obj)
                0x000000000380063c                vexTaskStopAll
 .text.vexTaskCompletionIdSet
                0x000000000380064c       0x10 /Applications/VEXcode V5 Text.app/Contents/Resources/sdk/vexv5/libv5rt.a(v5_apijump.c.obj)
                0x000000000380064c                vexTaskCompletionIdSet
 .text.vexEventAdd
                0x000000000380065c       0x34 /Applications/VEXcode V5 Text.app/Contents/Resources/sdk/vexv5/libv5rt.a(v5_apijump.c.obj)
                0x000000000380065c                vexEventAdd
 .text.vexEventUserIndexGet
                0x0000000003800690       0x1c /Applications/VEXcode V5 Text.app/Contents/Resources/sdk/vexv5/libv5rt.a(v5_apijump.c.obj)
                0x0000000003800690                vexEventUserIndexGet
 .text.vexDebug
                0x00000000038006ac       0x38 /Applications/VEXcode V5 Text.app/Contents/Resources/sdk/vexv5/libv5rt.a(v5_apijump.c.obj)
                0x00000000038006ac                vexDebug
 .text.vex_vsnprintf
                0x00000000038006e4       0x3c /Applications/VEXcode V5 Text.app/Contents/Resources/sdk/vexv5/libv5rt.a(v5_apijump.c.obj)
                0x00000000038006e4                vex_vsnprintf
 .text.vexSystemTimeGet
                0x0000000003800720       0x1c /Applications/VEXcode V5 Text.app/Contents/Resources/sdk/vexv5/libv5rt.a(v5_apijump.c.obj)
                0x0000000003800720                vexSystemTimeGet
 .text.vexSystemExitRequest
                0x000000000380073c       0x1c /Applications/VEXcode V5 Text.app/Contents/Resources/sdk/vexv5/libv5rt.a(v5_apijump.c.obj)
                0x000000000380073c                vexSystemExitRequest
 .text.vexDeviceGetByIndex
                0x0000000003800758       0x24 /Applications/VEXcode V5 Text.app/Contents/Resources/sdk/vexv5/libv5rt.a(v5_apijump.c.obj)
                0x0000000003800758                vexDeviceGetByIndex
 .text.vexDeviceAdiPortConfigSet
                0x000000000380077c       0x34 /Applications/VEXcode V5 Text.app/Contents/Resources/sdk/vexv5/libv5rt.a(v5_apijump.c.obj)
                0x000000000380077c                vexDeviceAdiPortConfigSet
 .text.vexDisplayForegroundColor
                0x00000000038007b0       0x24 /Applications/VEXcode V5 Text.app/Contents/Resources/sdk/vexv5/libv5rt.a(v5_apijump.c.obj)
                0x00000000038007b0                vexDisplayForegroundColor
 .text.vexDisplayBackgroundColor
                0x00000000038007d4       0x24 /Applications/VEXcode V5 Text.app/Contents/Resources/sdk/vexv5/libv5rt.a(v5_apijump.c.obj)
                0x00000000038007d4                vexDisplayBackgroundColor
 .text.vexDisplayRectDraw
                0x00000000038007f8       0x4c /Applications/VEXcode V5 Text.app/Contents/Resources/sdk/vexv5/libv5rt.a(v5_apijump.c.obj)
                0x00000000038007f8                vexDisplayRectDraw
 .text.vexDisplayRectClear
                0x0000000003800844       0x4c /Applications/VEXcode V5 Text.app/Contents/Resources/sdk/vexv5/libv5rt.a(v5_apijump.c.obj)
                0x0000000003800844                vexDisplayRectClear
 .text.vexDisplayPrintf
                0x0000000003800890       0x68 /Applications/VEXcode V5 Text.app/Contents/Resources/sdk/vexv5/libv5rt.a(v5_apijump.c.obj)
                0x0000000003800890                vexDisplayPrintf
 .text.vexDisplayTextReference
                0x00000000038008f8       0x24 /Applications/VEXcode V5 Text.app/Contents/Resources/sdk/vexv5/libv5rt.a(v5_apijump.c.obj)
                0x00000000038008f8                vexDisplayTextReference
 .text.vexDisplayTextSize
                0x000000000380091c       0x2c /Applications/VEXcode V5 Text.app/Contents/Resources/sdk/vexv5/libv5rt.a(v5_apijump.c.obj)
                0x000000000380091c                vexDisplayTextSize
 .text.vexDisplayFontNamedSet
                0x0000000003800948       0x24 /Applications/VEXcode V5 Text.app/Contents/Resources/sdk/vexv5/libv5rt.a(v5_apijump.c.obj)
                0x0000000003800948                vexDisplayFontNamedSet
 .text.vexDisplayStringWidthGet
                0x000000000380096c       0x24 /Applications/VEXcode V5 Text.app/Contents/Resources/sdk/vexv5/libv5rt.a(v5_apijump.c.obj)
                0x000000000380096c                vexDisplayStringWidthGet
 .text.vexDisplayStringHeightGet
                0x0000000003800990       0x24 /Applications/VEXcode V5 Text.app/Contents/Resources/sdk/vexv5/libv5rt.a(v5_apijump.c.obj)
                0x0000000003800990                vexDisplayStringHeightGet
 .text.vexDisplayPenSizeGet
                0x00000000038009b4       0x1c /Applications/VEXcode V5 Text.app/Contents/Resources/sdk/vexv5/libv5rt.a(v5_apijump.c.obj)
                0x00000000038009b4                vexDisplayPenSizeGet
 .text.vexSystemStdlibImpureDataAddr
                0x00000000038009d0       0x28 /Applications/VEXcode V5 Text.app/Contents/Resources/sdk/vexv5/libv5rt.a(v5_apijump.c.obj)
                0x00000000038009d0                vexSystemStdlibImpureDataAddr
 .text.vexSystemStdlibImpureDataSize
                0x00000000038009f8       0x28 /Applications/VEXcode V5 Text.app/Contents/Resources/sdk/vexv5/libv5rt.a(v5_apijump.c.obj)
                0x00000000038009f8                vexSystemStdlibImpureDataSize
 .text.vexSystemSaveUserData
                0x0000000003800a20       0x3c /Applications/VEXcode V5 Text.app/Contents/Resources/sdk/vexv5/libv5rt.a(v5_apijump.c.obj)
                0x0000000003800a20                vexSystemSaveUserData
 .text.vexTouchDataGet
                0x0000000003800a5c       0x10 /Applications/VEXcode V5 Text.app/Contents/Resources/sdk/vexv5/libv5rt.a(v5_apijump.c.obj)
                0x0000000003800a5c                vexTouchDataGet
 .text.vexDisplayThemeIdGet
                0x0000000003800a6c       0x38 /Applications/VEXcode V5 Text.app/Contents/Resources/sdk/vexv5/libv5rt.a(v5_apijump.c.obj)
                0x0000000003800a6c                vexDisplayThemeIdGet
 .text.vexDeviceEventMaskSet
                0x0000000003800aa4       0x48 /Applications/VEXcode V5 Text.app/Contents/Resources/sdk/vexv5/libv5rt.a(v5_apijump.c.obj)
                0x0000000003800aa4                vexDeviceEventMaskSet
 .text.vexDeviceEventMaskGet
                0x0000000003800aec       0x3c /Applications/VEXcode V5 Text.app/Contents/Resources/sdk/vexv5/libv5rt.a(v5_apijump.c.obj)
                0x0000000003800aec                vexDeviceEventMaskGet
 .text.vexSystemVersion
                0x0000000003800b28       0x10 /Applications/VEXcode V5 Text.app/Contents/Resources/sdk/vexv5/libv5rt.a(v5_apiversions.c.obj)
                0x0000000003800b28                vexSystemVersion
 .text.vexStdlibVersion
                0x0000000003800b38       0x10 /Applications/VEXcode V5 Text.app/Contents/Resources/sdk/vexv5/libv5rt.a(v5_apiversions.c.obj)
                0x0000000003800b38                vexStdlibVersion
 .text._ZN3vex4task5sleepEm
                0x0000000003800b48        0x4 /Applications/VEXcode V5 Text.app/Contents/Resources/sdk/vexv5/libv5rt.a(vex_task.cpp.obj)
                0x0000000003800b48                vex::task::sleep(unsigned long)
 .text._ZN3vex5brainD2Ev
                0x0000000003800b4c       0x20 /Applications/VEXcode V5 Text.app/Contents/Resources/sdk/vexv5/libv5rt.a(vex_brain.cpp.obj)
                0x0000000003800b4c                vex::brain::~brain()
                0x0000000003800b4c                vex::brain::~brain()
 .text._ZN3vex5brain9_getIndexEv
                0x0000000003800b6c       0x10 /Applications/VEXcode V5 Text.app/Contents/Resources/sdk/vexv5/libv5rt.a(vex_brain.cpp.obj)
                0x0000000003800b6c                vex::brain::_getIndex()
 .text._ZN3vex5brain3lcd9setCursorEll
                0x0000000003800b7c       0x44 /Applications/VEXcode V5 Text.app/Contents/Resources/sdk/vexv5/libv5rt.a(vex_brain.cpp.obj)
                0x0000000003800b7c                vex::brain::lcd::setCursor(long, long)
 .text._ZN3vex5brain3lcd7setFontENS_8fontTypeE
                0x0000000003800bc0      0x23c /Applications/VEXcode V5 Text.app/Contents/Resources/sdk/vexv5/libv5rt.a(vex_brain.cpp.obj)
                0x0000000003800bc0                vex::brain::lcd::setFont(vex::fontType)
 .text._ZN3vex5brain3lcdC2Ev
                0x0000000003800dfc       0x94 /Applications/VEXcode V5 Text.app/Contents/Resources/sdk/vexv5/libv5rt.a(vex_brain.cpp.obj)
                0x0000000003800dfc                vex::brain::lcd::lcd()
                0x0000000003800dfc                vex::brain::lcd::lcd()
 .text._ZN3vex5brainC2Ev
                0x0000000003800e90       0x38 /Applications/VEXcode V5 Text.app/Contents/Resources/sdk/vexv5/libv5rt.a(vex_brain.cpp.obj)
                0x0000000003800e90                vex::brain::brain()
                0x0000000003800e90                vex::brain::brain()
 .text._ZN3vex5brain3lcd7printAtEllPKcz
                0x0000000003800ec8       0x6c /Applications/VEXcode V5 Text.app/Contents/Resources/sdk/vexv5/libv5rt.a(vex_brain.cpp.obj)
                0x0000000003800ec8                vex::brain::lcd::printAt(long, long, char const*, ...)
 .text._ZN3vex5brain3lcd13drawRectangleEiiii
                0x0000000003800f34       0xdc /Applications/VEXcode V5 Text.app/Contents/Resources/sdk/vexv5/libv5rt.a(vex_brain.cpp.obj)
                0x0000000003800f34                vex::brain::lcd::drawRectangle(int, int, int, int)
 .text._ZN3vex5brain3lcd9xPositionEv
                0x0000000003801010       0x24 /Applications/VEXcode V5 Text.app/Contents/Resources/sdk/vexv5/libv5rt.a(vex_brain.cpp.obj)
                0x0000000003801010                vex::brain::lcd::xPosition()
 .text._ZN3vex5brain3lcd9yPositionEv
                0x0000000003801034       0x24 /Applications/VEXcode V5 Text.app/Contents/Resources/sdk/vexv5/libv5rt.a(vex_brain.cpp.obj)
                0x0000000003801034                vex::brain::lcd::yPosition()
 .text._ZN3vex5brain3lcd8pressingEv
                0x0000000003801058       0x20 /Applications/VEXcode V5 Text.app/Contents/Resources/sdk/vexv5/libv5rt.a(vex_brain.cpp.obj)
                0x0000000003801058                vex::brain::lcd::pressing()
 .text._ZN3vex5brain3lcd10rowToPixelEl
                0x0000000003801078       0x34 /Applications/VEXcode V5 Text.app/Contents/Resources/sdk/vexv5/libv5rt.a(vex_brain.cpp.obj)
                0x0000000003801078                vex::brain::lcd::rowToPixel(long)
 .text._ZN3vex5brain3lcd10colToPixelEl
                0x00000000038010ac       0x1c /Applications/VEXcode V5 Text.app/Contents/Resources/sdk/vexv5/libv5rt.a(vex_brain.cpp.obj)
                0x00000000038010ac                vex::brain::lcd::colToPixel(long)
 .text._ZN3vex5brain3lcd5printEPKcz
                0x00000000038010c8       0xa0 /Applications/VEXcode V5 Text.app/Contents/Resources/sdk/vexv5/libv5rt.a(vex_brain.cpp.obj)
                0x00000000038010c8                vex::brain::lcd::print(char const*, ...)
 .text._ZN3vex7triport9installedEv
                0x0000000003801168       0x18 /Applications/VEXcode V5 Text.app/Contents/Resources/sdk/vexv5/libv5rt.a(vex_triport.cpp.obj)
                0x0000000003801168                vex::triport::installed()
 .text._ZN3vex7triportD2Ev
                0x0000000003801180       0x38 /Applications/VEXcode V5 Text.app/Contents/Resources/sdk/vexv5/libv5rt.a(vex_triport.cpp.obj)
                0x0000000003801180                vex::triport::~triport()
                0x0000000003801180                vex::triport::~triport()
 .text._ZN3vex7triport4portC2ElPS0_
                0x00000000038011b8       0x90 /Applications/VEXcode V5 Text.app/Contents/Resources/sdk/vexv5/libv5rt.a(vex_triport.cpp.obj)
                0x00000000038011b8                vex::triport::port::port(long, vex::triport*)
                0x00000000038011b8                vex::triport::port::port(long, vex::triport*)
 .text._ZN3vex7triportC2El
                0x0000000003801248       0xf0 /Applications/VEXcode V5 Text.app/Contents/Resources/sdk/vexv5/libv5rt.a(vex_triport.cpp.obj)
                0x0000000003801248                vex::triport::triport(long)
                0x0000000003801248                vex::triport::triport(long)
 .text.startup._GLOBAL__sub_I__ZN3vex7triportC2El
                0x0000000003801338       0x30 /Applications/VEXcode V5 Text.app/Contents/Resources/sdk/vexv5/libv5rt.a(vex_triport.cpp.obj)
 .text._ZN3vex5colorD2Ev
                0x0000000003801368        0x4 /Applications/VEXcode V5 Text.app/Contents/Resources/sdk/vexv5/libv5rt.a(vex_color.cpp.obj)
                0x0000000003801368                vex::color::~color()
                0x0000000003801368                vex::color::~color()
 .text.startup._GLOBAL__sub_I__ZN3vex5color5blackE
                0x000000000380136c      0x164 /Applications/VEXcode V5 Text.app/Contents/Resources/sdk/vexv5/libv5rt.a(vex_color.cpp.obj)
 .text._ZN3vex5timerD2Ev
                0x00000000038014d0        0x4 /Applications/VEXcode V5 Text.app/Contents/Resources/sdk/vexv5/libv5rt.a(vex_timer.cpp.obj)
                0x00000000038014d0                vex::timer::~timer()
                0x00000000038014d0                vex::timer::~timer()
 .text._ZN3vex5timer5clearEv
                0x00000000038014d4       0x1c /Applications/VEXcode V5 Text.app/Contents/Resources/sdk/vexv5/libv5rt.a(vex_timer.cpp.obj)
                0x00000000038014d4                vex::timer::clear()
 .text._ZN3vex5timerC2Ev
                0x00000000038014f0       0x14 /Applications/VEXcode V5 Text.app/Contents/Resources/sdk/vexv5/libv5rt.a(vex_timer.cpp.obj)
                0x00000000038014f0                vex::timer::timer()
                0x00000000038014f0                vex::timer::timer()
 .text.vexAdiPortConfigSet
                0x0000000003801504       0x28 /Applications/VEXcode V5 Text.app/Contents/Resources/sdk/vexv5/libv5rt.a(v5_apiuser.c.obj)
                0x0000000003801504                vexAdiPortConfigSet
 .text.vexEventMaskSet
                0x000000000380152c       0x28 /Applications/VEXcode V5 Text.app/Contents/Resources/sdk/vexv5/libv5rt.a(v5_apiuser.c.obj)
                0x000000000380152c                vexEventMaskSet
 .text.vexEventMaskGet
                0x0000000003801554       0x18 /Applications/VEXcode V5 Text.app/Contents/Resources/sdk/vexv5/libv5rt.a(v5_apiuser.c.obj)
                0x0000000003801554                vexEventMaskGet
 .text._ZN3vex6device5valueEv
                0x000000000380156c        0x8 /Applications/VEXcode V5 Text.app/Contents/Resources/sdk/vexv5/libv5rt.a(vex_device.cpp.obj)
                0x000000000380156c                vex::device::value()
 .text._ZN3vex6deviceD2Ev
                0x0000000003801574        0x4 /Applications/VEXcode V5 Text.app/Contents/Resources/sdk/vexv5/libv5rt.a(vex_device.cpp.obj)
                0x0000000003801574                vex::device::~device()
                0x0000000003801574                vex::device::~device()
 .text._ZN3vex6device4initEl
                0x0000000003801578       0x30 /Applications/VEXcode V5 Text.app/Contents/Resources/sdk/vexv5/libv5rt.a(vex_device.cpp.obj)
                0x0000000003801578                vex::device::init(long)
 .text._ZN3vex6deviceC2El
                0x00000000038015a8       0x20 /Applications/VEXcode V5 Text.app/Contents/Resources/sdk/vexv5/libv5rt.a(vex_device.cpp.obj)
                0x00000000038015a8                vex::device::device(long)
                0x00000000038015a8                vex::device::device(long)
 .text._ZN3vex6device4typeEv
                0x00000000038015c8       0x10 /Applications/VEXcode V5 Text.app/Contents/Resources/sdk/vexv5/libv5rt.a(vex_device.cpp.obj)
                0x00000000038015c8                vex::device::type()
 .text._ZN3vex6device9installedEv
                0x00000000038015d8       0x14 /Applications/VEXcode V5 Text.app/Contents/Resources/sdk/vexv5/libv5rt.a(vex_device.cpp.obj)
                0x00000000038015d8                vex::device::installed()
 .text._ZN3vex5event4initEmmPFvvE
                0x00000000038015ec        0x4 /Applications/VEXcode V5 Text.app/Contents/Resources/sdk/vexv5/libv5rt.a(vex_event.cpp.obj)
                0x00000000038015ec                vex::event::init(unsigned long, unsigned long, void (*)())
 .text._ZN3vex5event9userindexEv
                0x00000000038015f0        0x4 /Applications/VEXcode V5 Text.app/Contents/Resources/sdk/vexv5/libv5rt.a(vex_event.cpp.obj)
                0x00000000038015f0                vex::event::userindex()
 .text._ZZN3vex6meventC4EmmENUlvE_4_FUNEv
                0x00000000038015f4        0x4 /Applications/VEXcode V5 Text.app/Contents/Resources/sdk/vexv5/libv5rt.a(vex_mevent.cpp.obj)
 .text._ZN3vex6meventC2Emm
                0x00000000038015f8       0x70 /Applications/VEXcode V5 Text.app/Contents/Resources/sdk/vexv5/libv5rt.a(vex_mevent.cpp.obj)
                0x00000000038015f8                vex::mevent::mevent(unsigned long, unsigned long)
                0x00000000038015f8                vex::mevent::mevent(unsigned long, unsigned long)
 .text.__libc_fini_array
                0x0000000003801668       0x30 /Applications/VEXcode V5 Text.app/Contents/Resources/sdk/vexv5/gcc/libs/libc.a(lib_a-fini.o)
                0x0000000003801668                __libc_fini_array
 .text.__libc_init_array
                0x0000000003801698       0x58 /Applications/VEXcode V5 Text.app/Contents/Resources/sdk/vexv5/gcc/libs/libc.a(lib_a-init.o)
                0x0000000003801698                __libc_init_array
 .text.__libc_init_array.__stub
                0x00000000038016f0       0x18 linker stubs
 *(.gnu.linkonce.t.*)
 *(.plt)
 *(.gnu_warning)
 *(.gcc_except_table)
 *(.glue_7)
 .glue_7        0x0000000003801708        0x0 linker stubs
 *(.glue_7t)
 .glue_7t       0x0000000003801708        0x0 linker stubs
 *(.vfp11_veneer)
 .vfp11_veneer  0x0000000003801708        0x0 linker stubs
 *(.ARM.extab)
 *(.gnu.linkonce.armextab.*)

.v4_bx          0x0000000003801708        0x0
 .v4_bx         0x0000000003801708        0x0 linker stubs

.iplt           0x0000000003801708        0x0
 .iplt          0x0000000003801708        0x0 build/src/main.o

.init
 *(.init)

.fini
 *(.fini)

.rodata         0x0000000003801708       0xac
                0x0000000003801708                __rodata_start = .
 *(.rodata)
 *(.rodata.*)
 .rodata.str1.1
                0x0000000003801708       0x20 build/src/main.o
 .rodata.str1.1
                0x0000000003801728       0x2e /Applications/VEXcode V5 Text.app/Contents/Resources/sdk/vexv5/libv5rt.a(v5_startup.c.obj)
 .rodata.str1.1
                0x0000000003801756       0x2b /Applications/VEXcode V5 Text.app/Contents/Resources/sdk/vexv5/libv5rt.a(vex_brain.cpp.obj)
 *fill*         0x0000000003801781        0x7 
 .rodata._ZTVN3vex7triportE
                0x0000000003801788       0x10 /Applications/VEXcode V5 Text.app/Contents/Resources/sdk/vexv5/libv5rt.a(vex_triport.cpp.obj)
                0x0000000003801788                vtable for vex::triport
 .rodata._ZN3vex6PORT22E
                0x0000000003801798        0x4 /Applications/VEXcode V5 Text.app/Contents/Resources/sdk/vexv5/libv5rt.a(vex_global.cpp.obj)
                0x0000000003801798                vex::PORT22
 *fill*         0x000000000380179c        0x4 
 .rodata._ZTVN3vex6deviceE
                0x00000000038017a0       0x10 /Applications/VEXcode V5 Text.app/Contents/Resources/sdk/vexv5/libv5rt.a(vex_device.cpp.obj)
                0x00000000038017a0                vtable for vex::device
 .rodata.str1.4
                0x00000000038017b0        0x4 /Applications/VEXcode V5 Text.app/Contents/Resources/sdk/vexv5/gcc/libs/libc.a(lib_a-impure.o)
                                          0x2 (size before relaxing)
 *(.gnu.linkonce.r.*)
                0x00000000038017b4                __rodata_end = .

.rodata1        0x00000000038017b4        0x0
                0x00000000038017b4                __rodata1_start = .
 *(.rodata1)
 *(.rodata1.*)
                0x00000000038017b4                __rodata1_end = .

.sdata2         0x00000000038017b4        0x0
                0x00000000038017b4                __sdata2_start = .
 *(.sdata2)
 *(.sdata2.*)
 *(.gnu.linkonce.s2.*)
                0x00000000038017b4                __sdata2_end = .

.sbss2          0x00000000038017b4        0x0
                0x00000000038017b4                __sbss2_start = .
 *(.sbss2)
 *(.sbss2.*)
 *(.gnu.linkonce.sb2.*)
                0x00000000038017b4                __sbss2_end = .

.data           0x00000000038017b8      0x434
                0x00000000038017b8                __data_start = .
 *(.data)
 *(.data.*)
 .data.appRunning
                0x00000000038017b8        0x4 /Applications/VEXcode V5 Text.app/Contents/Resources/sdk/vexv5/libv5rt.a(v5_startup.c.obj)
                0x00000000038017b8                appRunning
 .data.__yoff   0x00000000038017bc        0x4 /Applications/VEXcode V5 Text.app/Contents/Resources/sdk/vexv5/libv5rt.a(v5_apijump.c.obj)
 .data.impure_data
                0x00000000038017c0      0x428 /Applications/VEXcode V5 Text.app/Contents/Resources/sdk/vexv5/gcc/libs/libc.a(lib_a-impure.o)
 .data._impure_ptr
                0x0000000003801be8        0x4 /Applications/VEXcode V5 Text.app/Contents/Resources/sdk/vexv5/gcc/libs/libc.a(lib_a-impure.o)
                0x0000000003801be8                _impure_ptr
 *(.gnu.linkonce.d.*)
 *(.jcr)
 *(.got)
 *(.got.plt)
                0x0000000003801bec                __data_end = .

.igot.plt       0x0000000003801bec        0x0
 .igot.plt      0x0000000003801bec        0x0 build/src/main.o

.data1          0x0000000003801bec        0x0
                0x0000000003801bec                __data1_start = .
 *(.data1)
 *(.data1.*)
                0x0000000003801bec                __data1_end = .

.got
 *(.got)

.ctors          0x0000000003801bec        0x0
                0x0000000003801bec                __CTOR_LIST__ = .
                0x0000000003801bec                ___CTORS_LIST___ = .
 *crtbegin.o(.ctors)
 *(EXCLUDE_FILE(*crtend.o) .ctors)
 *(SORT_BY_NAME(.ctors.*))
 *(.ctors)
                0x0000000003801bec                __CTOR_END__ = .
                0x0000000003801bec                ___CTORS_END___ = .

.dtors          0x0000000003801bec        0x0
                0x0000000003801bec                __DTOR_LIST__ = .
                0x0000000003801bec                ___DTORS_LIST___ = .
 *crtbegin.o(.dtors)
 *(EXCLUDE_FILE(*crtend.o) .dtors)
 *(SORT_BY_NAME(.dtors.*))
 *(.dtors)
                0x0000000003801bec                __DTOR_END__ = .
                0x0000000003801bec                ___DTORS_END___ = .

.fixup          0x0000000003801bec        0x0
                0x0000000003801bec                __fixup_start = .
 *(.fixup)
                0x0000000003801bec                __fixup_end = .

.eh_frame
 *(.eh_frame)

.eh_framehdr    0x0000000003801bec        0x0
                0x0000000003801bec                __eh_framehdr_start = .
 *(.eh_framehdr)
                0x0000000003801bec                __eh_framehdr_end = .

.gcc_except_table
 *(.gcc_except_table)

.mmu_tbl        0x0000000003804000        0x0
                0x0000000003804000                __mmu_tbl_start = .
 *(.mmu_tbl)
                0x0000000003804000                __mmu_tbl_end = .

.ARM.exidx      0x0000000003801bec        0x8
                0x0000000003801bec                __exidx_start = .
 *(.ARM.exidx*)
 .ARM.exidx.text._Z10insertTextSsiiii
                0x0000000003801bec        0x8 build/src/main.o
 .ARM.exidx.text.main
                0x0000000003801bf4        0x0 build/src/main.o
                                          0x8 (size before relaxing)
 .ARM.exidx.text._ZN9lcdButtonC2EiiiiSs
                0x0000000003801bf4        0x0 build/src/main.o
                                          0x8 (size before relaxing)
 .ARM.exidx.text._ZN9lcdButton8pressingEv
                0x0000000003801bf4        0x0 build/src/main.o
                                          0x8 (size before relaxing)
 .ARM.exidx.text._Z11vexcodeInitv
                0x0000000003801bf4        0x0 build/src/robot-config.o
                                          0x8 (size before relaxing)
 .ARM.exidx.text._GLOBAL__sub_I_robot_config.cpp
                0x0000000003801bf4        0x0 build/src/robot-config.o
                                          0x8 (size before relaxing)
 *(.gnu.linkonce.armexidix.*.*)
                0x0000000003801bf4                __exidx_end = .

.rel.dyn        0x0000000003801bf4        0x0
 .rel.iplt      0x0000000003801bf4        0x0 build/src/main.o

.preinit_array  0x0000000003801bf4        0x0
                0x0000000003801bf4                __preinit_array_start = .
 *(SORT_BY_NAME(.preinit_array.*))
 *(.preinit_array)
                0x0000000003801bf4                __preinit_array_end = .

.init_array     0x0000000003801bf4        0xc
                0x0000000003801bf4                __init_array_start = .
 *(SORT_BY_NAME(.init_array.*))
 *(.init_array)
 .init_array    0x0000000003801bf4        0x4 build/src/robot-config.o
 .init_array    0x0000000003801bf8        0x4 /Applications/VEXcode V5 Text.app/Contents/Resources/sdk/vexv5/libv5rt.a(vex_triport.cpp.obj)
 .init_array    0x0000000003801bfc        0x4 /Applications/VEXcode V5 Text.app/Contents/Resources/sdk/vexv5/libv5rt.a(vex_color.cpp.obj)
                0x0000000003801c00                __init_array_end = .

.fini_array     0x0000000003801c00        0x0
                0x0000000003801c00                __fini_array_start = .
 *(SORT_BY_NAME(.fini_array.*))
 *(.fini_array)
                0x0000000003801c00                __fini_array_end = .

.ARM.attributes
                0x0000000003801c00       0x3c
                0x0000000003801c00                __ARM.attributes_start = .
 *(.ARM.attributes)
 .ARM.attributes
                0x0000000003801c00       0x3a build/src/main.o
 .ARM.attributes
                0x0000000003801c3a       0x3a build/src/robot-config.o
 .ARM.attributes
                0x0000000003801c74       0x35 /Applications/VEXcode V5 Text.app/Contents/Resources/sdk/vexv5/libv5rt.a(v5_startup.c.obj)
 .ARM.attributes
                0x0000000003801ca9       0x35 /Applications/VEXcode V5 Text.app/Contents/Resources/sdk/vexv5/libv5rt.a(v5_util.c.obj)
 .ARM.attributes
                0x0000000003801cde       0x35 /Applications/VEXcode V5 Text.app/Contents/Resources/sdk/vexv5/libv5rt.a(v5_apijump.c.obj)
 .ARM.attributes
                0x0000000003801d13       0x35 /Applications/VEXcode V5 Text.app/Contents/Resources/sdk/vexv5/libv5rt.a(v5_apiversions.c.obj)
 .ARM.attributes
                0x0000000003801d48       0x35 /Applications/VEXcode V5 Text.app/Contents/Resources/sdk/vexv5/libv5rt.a(vex_task.cpp.obj)
 .ARM.attributes
                0x0000000003801d7d       0x35 /Applications/VEXcode V5 Text.app/Contents/Resources/sdk/vexv5/libv5rt.a(vex_brain.cpp.obj)
 .ARM.attributes
                0x0000000003801db2       0x35 /Applications/VEXcode V5 Text.app/Contents/Resources/sdk/vexv5/libv5rt.a(vex_triport.cpp.obj)
 .ARM.attributes
                0x0000000003801de7       0x35 /Applications/VEXcode V5 Text.app/Contents/Resources/sdk/vexv5/libv5rt.a(vex_color.cpp.obj)
 .ARM.attributes
                0x0000000003801e1c       0x35 /Applications/VEXcode V5 Text.app/Contents/Resources/sdk/vexv5/libv5rt.a(vex_timer.cpp.obj)
 .ARM.attributes
                0x0000000003801e51       0x35 /Applications/VEXcode V5 Text.app/Contents/Resources/sdk/vexv5/libv5rt.a(v5_apiuser.c.obj)
 .ARM.attributes
                0x0000000003801e86       0x35 /Applications/VEXcode V5 Text.app/Contents/Resources/sdk/vexv5/libv5rt.a(vex_global.cpp.obj)
 .ARM.attributes
                0x0000000003801ebb       0x35 /Applications/VEXcode V5 Text.app/Contents/Resources/sdk/vexv5/libv5rt.a(vex_device.cpp.obj)
 .ARM.attributes
                0x0000000003801ef0       0x35 /Applications/VEXcode V5 Text.app/Contents/Resources/sdk/vexv5/libv5rt.a(vex_event.cpp.obj)
 .ARM.attributes
                0x0000000003801f25       0x35 /Applications/VEXcode V5 Text.app/Contents/Resources/sdk/vexv5/libv5rt.a(vex_mevent.cpp.obj)
 .ARM.attributes
                0x0000000003801f5a       0x2b /Applications/VEXcode V5 Text.app/Contents/Resources/sdk/vexv5/gcc/libs/libc.a(lib_a-fini.o)
 .ARM.attributes
                0x0000000003801f85       0x2b /Applications/VEXcode V5 Text.app/Contents/Resources/sdk/vexv5/gcc/libs/libc.a(lib_a-impure.o)
 .ARM.attributes
                0x0000000003801fb0       0x2b /Applications/VEXcode V5 Text.app/Contents/Resources/sdk/vexv5/gcc/libs/libc.a(lib_a-init.o)
                0x0000000003801fdb                __ARM.attributes_end = .

.sdata          0x0000000003801c00        0x0
                0x0000000003801c00                __sdata_start = .
 *(.sdata)
 *(.sdata.*)
 *(.gnu.linkonce.s.*)
                0x0000000003801c00                __sdata_end = .

.sbss           0x0000000003801c00        0x0
                0x0000000003801c00                __sbss_start = .
 *(.sbss)
 *(.sbss.*)
 *(.gnu.linkonce.sb.*)
                0x0000000003801c00                __sbss_end = .

.tdata          0x0000000003801c00        0x0
                0x0000000003801c00                __tdata_start = .
 *(.tdata)
 *(.tdata.*)
 *(.gnu.linkonce.td.*)
                0x0000000003801c00                __tdata_end = .

.tbss           0x0000000003801c00        0x0
                0x0000000003801c00                __tbss_start = .
 *(.tbss)
 *(.tbss.*)
 *(.gnu.linkonce.tb.*)
                0x0000000003801c00                __tbss_end = .

.bss            0x0000000003801c00      0x335
                0x0000000003801c00                __bss_start = .
 *(.bss)
 *(.bss.*)
 .bss.Brain     0x0000000003801c00      0x2dc build/src/robot-config.o
                0x0000000003801c00                Brain
 .bss.__dso_handle
                0x0000000003801edc        0x4 /Applications/VEXcode V5 Text.app/Contents/Resources/sdk/vexv5/libv5rt.a(v5_startup.c.obj)
                0x0000000003801edc                __dso_handle
 .bss._ZStL8__ioinit
                0x0000000003801ee0        0x1 /Applications/VEXcode V5 Text.app/Contents/Resources/sdk/vexv5/libv5rt.a(vex_triport.cpp.obj)
 *fill*         0x0000000003801ee1        0x3 
 .bss._ZN3vex5color6orangeE
                0x0000000003801ee4        0x8 /Applications/VEXcode V5 Text.app/Contents/Resources/sdk/vexv5/libv5rt.a(vex_color.cpp.obj)
                0x0000000003801ee4                vex::color::orange
 .bss._ZN3vex5color5blackE
                0x0000000003801eec        0x8 /Applications/VEXcode V5 Text.app/Contents/Resources/sdk/vexv5/libv5rt.a(vex_color.cpp.obj)
                0x0000000003801eec                vex::color::black
 .bss._ZN3vex5color6yellowE
                0x0000000003801ef4        0x8 /Applications/VEXcode V5 Text.app/Contents/Resources/sdk/vexv5/libv5rt.a(vex_color.cpp.obj)
                0x0000000003801ef4                vex::color::yellow
 .bss._ZN3vex5color5greenE
                0x0000000003801efc        0x8 /Applications/VEXcode V5 Text.app/Contents/Resources/sdk/vexv5/libv5rt.a(vex_color.cpp.obj)
                0x0000000003801efc                vex::color::green
 .bss._ZN3vex5color6purpleE
                0x0000000003801f04        0x8 /Applications/VEXcode V5 Text.app/Contents/Resources/sdk/vexv5/libv5rt.a(vex_color.cpp.obj)
                0x0000000003801f04                vex::color::purple
 .bss._ZN3vex5color4cyanE
                0x0000000003801f0c        0x8 /Applications/VEXcode V5 Text.app/Contents/Resources/sdk/vexv5/libv5rt.a(vex_color.cpp.obj)
                0x0000000003801f0c                vex::color::cyan
 .bss._ZN3vex5color4blueE
                0x0000000003801f14        0x8 /Applications/VEXcode V5 Text.app/Contents/Resources/sdk/vexv5/libv5rt.a(vex_color.cpp.obj)
                0x0000000003801f14                vex::color::blue
 .bss._ZN3vex5color3redE
                0x0000000003801f1c        0x8 /Applications/VEXcode V5 Text.app/Contents/Resources/sdk/vexv5/libv5rt.a(vex_color.cpp.obj)
                0x0000000003801f1c                vex::color::red
 .bss._ZN3vex5color11transparentE
                0x0000000003801f24        0x8 /Applications/VEXcode V5 Text.app/Contents/Resources/sdk/vexv5/libv5rt.a(vex_color.cpp.obj)
                0x0000000003801f24                vex::color::transparent
 .bss._ZN3vex5color5whiteE
                0x0000000003801f2c        0x8 /Applications/VEXcode V5 Text.app/Contents/Resources/sdk/vexv5/libv5rt.a(vex_color.cpp.obj)
                0x0000000003801f2c                vex::color::white
 *(.gnu.linkonce.b.*)
 *(COMMON)
 COMMON         0x0000000003801f34        0x1 /Applications/VEXcode V5 Text.app/Contents/Resources/sdk/vexv5/libv5rt.a(v5_startup.c.obj)
                0x0000000003801f34                __vex_critical_section
                0x0000000003801f35                __bss_end = .
                0x0000000003801c00                _SDA_BASE_ = (__sdata_start + ((__sbss_end - __sdata_start) / 0x2))
                0x00000000038017b4                _SDA2_BASE_ = (__sdata2_start + ((__sbss2_end - __sdata2_start) / 0x2))

.heap           0x0000000003801f35   0x10000b
                0x0000000003801f40                . = ALIGN (0x10)
 *fill*         0x0000000003801f35        0xb 
                0x0000000003801f40                _heap = .
                0x0000000003801f40                HeapBase = .
                0x0000000003801f40                _heap_start = .
                0x0000000003901f40                . = (. + _HEAP_SIZE)
 *fill*         0x0000000003801f40   0x100000 
                0x0000000003901f40                _heap_end = .
                0x0000000003901f40                HeapLimit = .

.stack          0x0000000003901f40     0x3800
                0x0000000003901f40                . = ALIGN (0x10)
                0x0000000003901f40                _stack_end = .
                0x0000000003903f40                . = (. + _STACK_SIZE)
 *fill*         0x0000000003901f40     0x2000 
                0x0000000003903f40                . = ALIGN (0x10)
                0x0000000003903f40                _stack = .
                0x0000000003903f40                __stack = _stack
                0x0000000003903f40                . = ALIGN (0x10)
                0x0000000003903f40                _irq_stack_end = .
                0x0000000003904340                . = (. + _IRQ_STACK_SIZE)
 *fill*         0x0000000003903f40      0x400 
                0x0000000003904340                . = ALIGN (0x10)
                0x0000000003904340                __irq_stack = .
                0x0000000003904340                _supervisor_stack_end = .
                0x0000000003904b40                . = (. + _SUPERVISOR_STACK_SIZE)
 *fill*         0x0000000003904340      0x800 
                0x0000000003904b40                . = ALIGN (0x10)
                0x0000000003904b40                __supervisor_stack = .
                0x0000000003904b40                _abort_stack_end = .
                0x0000000003904f40                . = (. + _ABORT_STACK_SIZE)
 *fill*         0x0000000003904b40      0x400 
                0x0000000003904f40                . = ALIGN (0x10)
                0x0000000003904f40                __abort_stack = .
                0x0000000003904f40                _fiq_stack_end = .
                0x0000000003905340                . = (. + _FIQ_STACK_SIZE)
 *fill*         0x0000000003904f40      0x400 
                0x0000000003905340                . = ALIGN (0x10)
                0x0000000003905340                __fiq_stack = .
                0x0000000003905340                _undef_stack_end = .
                0x0000000003905740                . = (. + _UNDEF_STACK_SIZE)
 *fill*         0x0000000003905340      0x400 
                0x0000000003905740                . = ALIGN (0x10)
                0x0000000003905740                __undef_stack = .
                0x0000000003905740                _end = .
LOAD /Applications/VEXcode V5 Text.app/Contents/Resources/sdk/vexv5/stdlib_0.lib
LOAD build/src/main.o
LOAD build/src/robot-config.o
START GROUP
LOAD /Applications/VEXcode V5 Text.app/Contents/Resources/sdk/vexv5/libv5rt.a
LOAD /Applications/VEXcode V5 Text.app/Contents/Resources/sdk/vexv5/gcc/libs/libstdc++.a
LOAD /Applications/VEXcode V5 Text.app/Contents/Resources/sdk/vexv5/gcc/libs/libc.a
LOAD /Applications/VEXcode V5 Text.app/Contents/Resources/sdk/vexv5/gcc/libs/libm.a
LOAD /Applications/VEXcode V5 Text.app/Contents/Resources/sdk/vexv5/gcc/libs/libgcc.a
END GROUP
OUTPUT(build/ButtonMakerTemplate-2019-12-06T13-50-43.elf elf32-littlearm)

.comment        0x0000000000000000       0x9d
 .comment       0x0000000000000000       0x2d build/src/main.o
                                         0x2e (size before relaxing)
 .comment       0x000000000000002d       0x2e build/src/robot-config.o
 .comment       0x000000000000002d       0x70 /Applications/VEXcode V5 Text.app/Contents/Resources/sdk/vexv5/libv5rt.a(v5_startup.c.obj)
                                         0x71 (size before relaxing)
 .comment       0x000000000000009d       0x71 /Applications/VEXcode V5 Text.app/Contents/Resources/sdk/vexv5/libv5rt.a(v5_util.c.obj)
 .comment       0x000000000000009d       0x71 /Applications/VEXcode V5 Text.app/Contents/Resources/sdk/vexv5/libv5rt.a(v5_apijump.c.obj)
 .comment       0x000000000000009d       0x71 /Applications/VEXcode V5 Text.app/Contents/Resources/sdk/vexv5/libv5rt.a(v5_apiversions.c.obj)
 .comment       0x000000000000009d       0x71 /Applications/VEXcode V5 Text.app/Contents/Resources/sdk/vexv5/libv5rt.a(vex_task.cpp.obj)
 .comment       0x000000000000009d       0x71 /Applications/VEXcode V5 Text.app/Contents/Resources/sdk/vexv5/libv5rt.a(vex_brain.cpp.obj)
 .comment       0x000000000000009d       0x71 /Applications/VEXcode V5 Text.app/Contents/Resources/sdk/vexv5/libv5rt.a(vex_triport.cpp.obj)
 .comment       0x000000000000009d       0x71 /Applications/VEXcode V5 Text.app/Contents/Resources/sdk/vexv5/libv5rt.a(vex_color.cpp.obj)
 .comment       0x000000000000009d       0x71 /Applications/VEXcode V5 Text.app/Contents/Resources/sdk/vexv5/libv5rt.a(vex_timer.cpp.obj)
 .comment       0x000000000000009d       0x71 /Applications/VEXcode V5 Text.app/Contents/Resources/sdk/vexv5/libv5rt.a(v5_apiuser.c.obj)
 .comment       0x000000000000009d       0x71 /Applications/VEXcode V5 Text.app/Contents/Resources/sdk/vexv5/libv5rt.a(vex_global.cpp.obj)
 .comment       0x000000000000009d       0x71 /Applications/VEXcode V5 Text.app/Contents/Resources/sdk/vexv5/libv5rt.a(vex_device.cpp.obj)
 .comment       0x000000000000009d       0x71 /Applications/VEXcode V5 Text.app/Contents/Resources/sdk/vexv5/libv5rt.a(vex_event.cpp.obj)
 .comment       0x000000000000009d       0x71 /Applications/VEXcode V5 Text.app/Contents/Resources/sdk/vexv5/libv5rt.a(vex_mevent.cpp.obj)

.note.GNU-stack
                0x0000000000000000        0x0
 .note.GNU-stack
                0x0000000000000000        0x0 build/src/main.o
 .note.GNU-stack
                0x0000000000000000        0x0 build/src/robot-config.o

.debug_frame    0x0000000000000000       0x60
 .debug_frame   0x0000000000000000       0x34 /Applications/VEXcode V5 Text.app/Contents/Resources/sdk/vexv5/gcc/libs/libc.a(lib_a-fini.o)
 .debug_frame   0x0000000000000034       0x2c /Applications/VEXcode V5 Text.app/Contents/Resources/sdk/vexv5/gcc/libs/libc.a(lib_a-init.o)
