Archive member included to satisfy reference by file (symbol)

/Applications/VEXcode V5 Text.app/Contents/Resources/sdk/vexv5/libv5rt.a(v5_startup.c.obj)
                              (vexStartup)
/Applications/VEXcode V5 Text.app/Contents/Resources/sdk/vexv5/libv5rt.a(v5_util.c.obj)
                              /Applications/VEXcode V5 Text.app/Contents/Resources/sdk/vexv5/libv5rt.a(v5_startup.c.obj) (vexStdlibVersionLinked)
/Applications/VEXcode V5 Text.app/Contents/Resources/sdk/vexv5/libv5rt.a(v5_apijump.c.obj)
                              /Applications/VEXcode V5 Text.app/Contents/Resources/sdk/vexv5/libv5rt.a(v5_startup.c.obj) (vexPrivateApiEnable)
/Applications/VEXcode V5 Text.app/Contents/Resources/sdk/vexv5/libv5rt.a(v5_apiversions.c.obj)
                              /Applications/VEXcode V5 Text.app/Contents/Resources/sdk/vexv5/libv5rt.a(v5_apijump.c.obj) (vexSystemVersion)
/Applications/VEXcode V5 Text.app/Contents/Resources/sdk/vexv5/libv5rt.a(vex_thread.cpp.obj)
                              build/src/main.o (vex::this_thread::sleep_for(unsigned long))
/Applications/VEXcode V5 Text.app/Contents/Resources/sdk/vexv5/libv5rt.a(vex_brain.cpp.obj)
                              build/src/robot-config.o (vex::brain::~brain())
/Applications/VEXcode V5 Text.app/Contents/Resources/sdk/vexv5/libv5rt.a(vex_triport.cpp.obj)
                              /Applications/VEXcode V5 Text.app/Contents/Resources/sdk/vexv5/libv5rt.a(vex_brain.cpp.obj) (vex::triport::~triport())
/Applications/VEXcode V5 Text.app/Contents/Resources/sdk/vexv5/libv5rt.a(vex_color.cpp.obj)
                              build/src/main.o (vex::color::~color())
/Applications/VEXcode V5 Text.app/Contents/Resources/sdk/vexv5/libv5rt.a(vex_timer.cpp.obj)
                              /Applications/VEXcode V5 Text.app/Contents/Resources/sdk/vexv5/libv5rt.a(vex_brain.cpp.obj) (vex::timer::~timer())
/Applications/VEXcode V5 Text.app/Contents/Resources/sdk/vexv5/libv5rt.a(v5_apiuser.c.obj)
                              /Applications/VEXcode V5 Text.app/Contents/Resources/sdk/vexv5/libv5rt.a(vex_triport.cpp.obj) (vexAdiPortConfigSet)
/Applications/VEXcode V5 Text.app/Contents/Resources/sdk/vexv5/libv5rt.a(vex_global.cpp.obj)
                              /Applications/VEXcode V5 Text.app/Contents/Resources/sdk/vexv5/libv5rt.a(vex_brain.cpp.obj) (vex::PORT22)
/Applications/VEXcode V5 Text.app/Contents/Resources/sdk/vexv5/libv5rt.a(vex_device.cpp.obj)
                              /Applications/VEXcode V5 Text.app/Contents/Resources/sdk/vexv5/libv5rt.a(vex_triport.cpp.obj) (vex::device::value())
/Applications/VEXcode V5 Text.app/Contents/Resources/sdk/vexv5/libv5rt.a(vex_event.cpp.obj)
                              /Applications/VEXcode V5 Text.app/Contents/Resources/sdk/vexv5/libv5rt.a(vex_brain.cpp.obj) (vex::event::init(unsigned long, unsigned long, void (*)()))
/Applications/VEXcode V5 Text.app/Contents/Resources/sdk/vexv5/libv5rt.a(vex_mevent.cpp.obj)
                              /Applications/VEXcode V5 Text.app/Contents/Resources/sdk/vexv5/libv5rt.a(vex_brain.cpp.obj) (vex::mevent::mevent(unsigned long, unsigned long))
/Applications/VEXcode V5 Text.app/Contents/Resources/sdk/vexv5/gcc/libs/libc.a(lib_a-fini.o)
                              /Applications/VEXcode V5 Text.app/Contents/Resources/sdk/vexv5/libv5rt.a(v5_startup.c.obj) (__libc_fini_array)
/Applications/VEXcode V5 Text.app/Contents/Resources/sdk/vexv5/gcc/libs/libc.a(lib_a-impure.o)
                              /Applications/VEXcode V5 Text.app/Contents/Resources/sdk/vexv5/libv5rt.a(v5_startup.c.obj) (_impure_ptr)
/Applications/VEXcode V5 Text.app/Contents/Resources/sdk/vexv5/gcc/libs/libc.a(lib_a-init.o)
                              /Applications/VEXcode V5 Text.app/Contents/Resources/sdk/vexv5/libv5rt.a(v5_startup.c.obj) (__libc_init_array)
/Applications/VEXcode V5 Text.app/Contents/Resources/sdk/vexv5/gcc/libs/libc.a(lib_a-tolower.o)
                              /Applications/VEXcode V5 Text.app/Contents/Resources/sdk/vexv5/libv5rt.a(vex_brain.cpp.obj) (tolower)
/Applications/VEXcode V5 Text.app/Contents/Resources/sdk/vexv5/gcc/libs/libc.a(lib_a-ctype_.o)
                              /Applications/VEXcode V5 Text.app/Contents/Resources/sdk/vexv5/gcc/libs/libc.a(lib_a-tolower.o) (__ctype_ptr__)

Allocating common symbols
Common symbol       size              file

__vex_critical_section
                    0x1               /Applications/VEXcode V5 Text.app/Contents/Resources/sdk/vexv5/libv5rt.a(v5_startup.c.obj)

Discarded input sections

 .text          0x0000000000000000        0x0 build/src/main.o
 .group         0x0000000000000000       0x14 build/src/main.o
 .group         0x0000000000000000       0x14 build/src/main.o
 .group         0x0000000000000000       0x14 build/src/main.o
 .group         0x0000000000000000       0x14 build/src/main.o
 .group         0x0000000000000000       0x14 build/src/main.o
 .llvm_addrsig  0x0000000000000000        0xc build/src/main.o
[...]
Memory Configuration

Name             Origin             Length             Attributes
ps7_ddr_0_S_AXI_BASEADDR 0x0000000003800000 0x0000000004800000
*default*        0x0000000000000000 0xffffffffffffffff

Linker script and memory map

                0x0000000000002000                _STACK_SIZE = DEFINED (_STACK_SIZE)?_STACK_SIZE:0x2000
                0x0000000000100000                _HEAP_SIZE = DEFINED (_HEAP_SIZE)?_HEAP_SIZE:0x100000
                0x0000000000000400                _ABORT_STACK_SIZE = DEFINED (_ABORT_STACK_SIZE)?_ABORT_STACK_SIZE:0x400
                0x0000000000000800                _SUPERVISOR_STACK_SIZE = DEFINED (_SUPERVISOR_STACK_SIZE)?_SUPERVISOR_STACK_SIZE:0x800
                0x0000000000000400                _IRQ_STACK_SIZE = DEFINED (_IRQ_STACK_SIZE)?_IRQ_STACK_SIZE:0x400
                0x0000000000000400                _FIQ_STACK_SIZE = DEFINED (_FIQ_STACK_SIZE)?_FIQ_STACK_SIZE:0x400
                0x0000000000000400                _UNDEF_STACK_SIZE = DEFINED (_UNDEF_STACK_SIZE)?_UNDEF_STACK_SIZE:0x400

.text           0x0000000003800000     0x21d8
 *(.vectors)
 *(.boot_data)
 .boot_data     0x0000000003800000       0x20 /Applications/VEXcode V5 Text.app/Contents/Resources/sdk/vexv5/libv5rt.a(v5_startup.c.obj)
                0x0000000003800000                vexCodeSig
                0x0000000000000020                . = 0x20
 *(.boot)
 .boot          0x0000000003800020       0xbc /Applications/VEXcode V5 Text.app/Contents/Resources/sdk/vexv5/libv5rt.a(v5_startup.c.obj)
                0x0000000003800020                vexStartup
                0x0000000003800100                . = ALIGN (0x40)
 *fill*         0x00000000038000dc       0x24 
 *(.freertos_vectors)
 *(.text)
 *(.text.*)
 .text._Z10insertTextSsiiii
                0x0000000003800100       0x54 build/src/main.o
                0x0000000003800100                insertText(std::string, int, int, int, int)
 *fill*         0x0000000003800154        0x4 
 .text._ZN9lcdButtonC2EiiiiSsi
                0x0000000003800158       0xb0 build/src/main.o
                0x0000000003800158                lcdButton::lcdButton(int, int, int, int, std::string, int)
 .text._ZN9lcdButtonD2Ev
                0x0000000003800208       0x1c build/src/main.o
                0x0000000003800208                lcdButton::~lcdButton()
 *fill*         0x0000000003800224        0x4 
 .text._ZN9lcdButtonC2EiiiiSs
                0x0000000003800228       0xa8 build/src/main.o
                0x0000000003800228                lcdButton::lcdButton(int, int, int, int, std::string)
 .text._Z12drawTonomousv
                0x00000000038002d0       0x84 build/src/main.o
                0x00000000038002d0                drawTonomous()
 .text._ZN9lcdButton4drawEv
                0x0000000003800354       0xb4 build/src/main.o
                0x0000000003800354                lcdButton::draw()
 .text.main     0x0000000003800408      0x2f4 build/src/main.o
                0x0000000003800408                main
 .text._ZN9lcdButton8pressingEv
                0x00000000038006fc       0x8c build/src/main.o
                0x00000000038006fc                lcdButton::pressing()
 .text._GLOBAL__sub_I_main.cpp
                0x0000000003800788      0x508 build/src/main.o
 .text._Z11vexcodeInitv
                0x0000000003800c90        0x4 build/src/robot-config.o
                0x0000000003800c90                vexcodeInit()
 .text._GLOBAL__sub_I_robot_config.cpp
                0x0000000003800c94       0x34 build/src/robot-config.o
 .text.vexMain  0x0000000003800cc8       0xb0 /Applications/VEXcode V5 Text.app/Contents/Resources/sdk/vexv5/libv5rt.a(v5_startup.c.obj)
                0x0000000003800cc8                vexMain
 .text.__vex_function_prolog
                0x0000000003800d78       0x18 /Applications/VEXcode V5 Text.app/Contents/Resources/sdk/vexv5/libv5rt.a(v5_startup.c.obj)
                0x0000000003800d78                __vex_function_prolog
 .text._init    0x0000000003800d90        0x4 /Applications/VEXcode V5 Text.app/Contents/Resources/sdk/vexv5/libv5rt.a(v5_startup.c.obj)
                0x0000000003800d90                _init
 .text._fini    0x0000000003800d94        0x4 /Applications/VEXcode V5 Text.app/Contents/Resources/sdk/vexv5/libv5rt.a(v5_startup.c.obj)
                0x0000000003800d94                _fini
 .text.vexStdlibVersionLinked
                0x0000000003800d98        0xc /Applications/VEXcode V5 Text.app/Contents/Resources/sdk/vexv5/libv5rt.a(v5_util.c.obj)
                0x0000000003800d98                vexStdlibVersionLinked
 .text.vexStdlibVersionVerify
                0x0000000003800da4       0x30 /Applications/VEXcode V5 Text.app/Contents/Resources/sdk/vexv5/libv5rt.a(v5_util.c.obj)
                0x0000000003800da4                vexStdlibVersionVerify
 .text.vexPrivateApiEnable
                0x0000000003800dd4       0x10 /Applications/VEXcode V5 Text.app/Contents/Resources/sdk/vexv5/libv5rt.a(v5_apijump.c.obj)
                0x0000000003800dd4                vexPrivateApiEnable
 .text.vexStdlibMismatchError
                0x0000000003800de4       0x3c /Applications/VEXcode V5 Text.app/Contents/Resources/sdk/vexv5/libv5rt.a(v5_apijump.c.obj)
                0x0000000003800de4                vexStdlibMismatchError
 .text.vexTaskAdd
                0x0000000003800e20       0x10 /Applications/VEXcode V5 Text.app/Contents/Resources/sdk/vexv5/libv5rt.a(v5_apijump.c.obj)
                0x0000000003800e20                vexTaskAdd
 .text.vexTasksRun
                0x0000000003800e30       0x10 /Applications/VEXcode V5 Text.app/Contents/Resources/sdk/vexv5/libv5rt.a(v5_apijump.c.obj)
                0x0000000003800e30                vexTasksRun
 .text.vexTaskCheckTimeslice
                0x0000000003800e40       0x10 /Applications/VEXcode V5 Text.app/Contents/Resources/sdk/vexv5/libv5rt.a(v5_apijump.c.obj)
                0x0000000003800e40                vexTaskCheckTimeslice
 .text.vexTaskSleep
                0x0000000003800e50       0x10 /Applications/VEXcode V5 Text.app/Contents/Resources/sdk/vexv5/libv5rt.a(v5_apijump.c.obj)
                0x0000000003800e50                vexTaskSleep
 .text.vexTasksDump
                0x0000000003800e60       0x1c /Applications/VEXcode V5 Text.app/Contents/Resources/sdk/vexv5/libv5rt.a(v5_apijump.c.obj)
                0x0000000003800e60                vexTasksDump
 .text.vexTaskGetTaskIndex
                0x0000000003800e7c       0x10 /Applications/VEXcode V5 Text.app/Contents/Resources/sdk/vexv5/libv5rt.a(v5_apijump.c.obj)
                0x0000000003800e7c                vexTaskGetTaskIndex
 .text.vexTaskStopAll
                0x0000000003800e8c       0x10 /Applications/VEXcode V5 Text.app/Contents/Resources/sdk/vexv5/libv5rt.a(v5_apijump.c.obj)
                0x0000000003800e8c                vexTaskStopAll
 .text.vexTaskCompletionIdSet
                0x0000000003800e9c       0x10 /Applications/VEXcode V5 Text.app/Contents/Resources/sdk/vexv5/libv5rt.a(v5_apijump.c.obj)
                0x0000000003800e9c                vexTaskCompletionIdSet
 .text.vexEventAdd
                0x0000000003800eac       0x34 /Applications/VEXcode V5 Text.app/Contents/Resources/sdk/vexv5/libv5rt.a(v5_apijump.c.obj)
                0x0000000003800eac                vexEventAdd
 .text.vexEventUserIndexGet
                0x0000000003800ee0       0x1c /Applications/VEXcode V5 Text.app/Contents/Resources/sdk/vexv5/libv5rt.a(v5_apijump.c.obj)
                0x0000000003800ee0                vexEventUserIndexGet
 .text.vexDebug
                0x0000000003800efc       0x38 /Applications/VEXcode V5 Text.app/Contents/Resources/sdk/vexv5/libv5rt.a(v5_apijump.c.obj)
                0x0000000003800efc                vexDebug
 .text.vex_vsnprintf
                0x0000000003800f34       0x3c /Applications/VEXcode V5 Text.app/Contents/Resources/sdk/vexv5/libv5rt.a(v5_apijump.c.obj)
                0x0000000003800f34                vex_vsnprintf
 .text.vexSystemTimeGet
                0x0000000003800f70       0x1c /Applications/VEXcode V5 Text.app/Contents/Resources/sdk/vexv5/libv5rt.a(v5_apijump.c.obj)
                0x0000000003800f70                vexSystemTimeGet
 .text.vexSystemExitRequest
                0x0000000003800f8c       0x1c /Applications/VEXcode V5 Text.app/Contents/Resources/sdk/vexv5/libv5rt.a(v5_apijump.c.obj)
                0x0000000003800f8c                vexSystemExitRequest
 .text.vexDeviceGetByIndex
                0x0000000003800fa8       0x24 /Applications/VEXcode V5 Text.app/Contents/Resources/sdk/vexv5/libv5rt.a(v5_apijump.c.obj)
                0x0000000003800fa8                vexDeviceGetByIndex
 .text.vexDeviceAdiPortConfigSet
                0x0000000003800fcc       0x34 /Applications/VEXcode V5 Text.app/Contents/Resources/sdk/vexv5/libv5rt.a(v5_apijump.c.obj)
                0x0000000003800fcc                vexDeviceAdiPortConfigSet
 .text.vexDisplayForegroundColor
                0x0000000003801000       0x24 /Applications/VEXcode V5 Text.app/Contents/Resources/sdk/vexv5/libv5rt.a(v5_apijump.c.obj)
                0x0000000003801000                vexDisplayForegroundColor
 .text.vexDisplayBackgroundColor
                0x0000000003801024       0x24 /Applications/VEXcode V5 Text.app/Contents/Resources/sdk/vexv5/libv5rt.a(v5_apijump.c.obj)
                0x0000000003801024                vexDisplayBackgroundColor
 .text.vexDisplayBackgroundColorGet
                0x0000000003801048       0x1c /Applications/VEXcode V5 Text.app/Contents/Resources/sdk/vexv5/libv5rt.a(v5_apijump.c.obj)
                0x0000000003801048                vexDisplayBackgroundColorGet
 .text.vexDisplayRectDraw
                0x0000000003801064       0x4c /Applications/VEXcode V5 Text.app/Contents/Resources/sdk/vexv5/libv5rt.a(v5_apijump.c.obj)
                0x0000000003801064                vexDisplayRectDraw
 .text.vexDisplayRectClear
                0x00000000038010b0       0x4c /Applications/VEXcode V5 Text.app/Contents/Resources/sdk/vexv5/libv5rt.a(v5_apijump.c.obj)
                0x00000000038010b0                vexDisplayRectClear
 .text.vexDisplayPrintf
                0x00000000038010fc       0x68 /Applications/VEXcode V5 Text.app/Contents/Resources/sdk/vexv5/libv5rt.a(v5_apijump.c.obj)
                0x00000000038010fc                vexDisplayPrintf
 .text.vexDisplayTextReference
                0x0000000003801164       0x24 /Applications/VEXcode V5 Text.app/Contents/Resources/sdk/vexv5/libv5rt.a(v5_apijump.c.obj)
                0x0000000003801164                vexDisplayTextReference
 .text.vexDisplayTextSize
                0x0000000003801188       0x2c /Applications/VEXcode V5 Text.app/Contents/Resources/sdk/vexv5/libv5rt.a(v5_apijump.c.obj)
                0x0000000003801188                vexDisplayTextSize
 .text.vexDisplayFontNamedSet
                0x00000000038011b4       0x24 /Applications/VEXcode V5 Text.app/Contents/Resources/sdk/vexv5/libv5rt.a(v5_apijump.c.obj)
                0x00000000038011b4                vexDisplayFontNamedSet
 .text.vexDisplayStringWidthGet
                0x00000000038011d8       0x24 /Applications/VEXcode V5 Text.app/Contents/Resources/sdk/vexv5/libv5rt.a(v5_apijump.c.obj)
                0x00000000038011d8                vexDisplayStringWidthGet
 .text.vexDisplayStringHeightGet
                0x00000000038011fc       0x24 /Applications/VEXcode V5 Text.app/Contents/Resources/sdk/vexv5/libv5rt.a(v5_apijump.c.obj)
                0x00000000038011fc                vexDisplayStringHeightGet
 .text.vexDisplayPenSizeGet
                0x0000000003801220       0x1c /Applications/VEXcode V5 Text.app/Contents/Resources/sdk/vexv5/libv5rt.a(v5_apijump.c.obj)
                0x0000000003801220                vexDisplayPenSizeGet
 .text.vexSystemStdlibImpureDataAddr
                0x000000000380123c       0x28 /Applications/VEXcode V5 Text.app/Contents/Resources/sdk/vexv5/libv5rt.a(v5_apijump.c.obj)
                0x000000000380123c                vexSystemStdlibImpureDataAddr
 .text.vexSystemStdlibImpureDataSize
                0x0000000003801264       0x28 /Applications/VEXcode V5 Text.app/Contents/Resources/sdk/vexv5/libv5rt.a(v5_apijump.c.obj)
                0x0000000003801264                vexSystemStdlibImpureDataSize
 .text.vexSystemSaveUserData
                0x000000000380128c       0x3c /Applications/VEXcode V5 Text.app/Contents/Resources/sdk/vexv5/libv5rt.a(v5_apijump.c.obj)
                0x000000000380128c                vexSystemSaveUserData
 .text.vexTouchDataGet
                0x00000000038012c8       0x10 /Applications/VEXcode V5 Text.app/Contents/Resources/sdk/vexv5/libv5rt.a(v5_apijump.c.obj)
                0x00000000038012c8                vexTouchDataGet
 .text.vexDisplayThemeIdGet
                0x00000000038012d8       0x38 /Applications/VEXcode V5 Text.app/Contents/Resources/sdk/vexv5/libv5rt.a(v5_apijump.c.obj)
                0x00000000038012d8                vexDisplayThemeIdGet
 .text.vexDeviceEventMaskSet
                0x0000000003801310       0x48 /Applications/VEXcode V5 Text.app/Contents/Resources/sdk/vexv5/libv5rt.a(v5_apijump.c.obj)
                0x0000000003801310                vexDeviceEventMaskSet
 .text.vexDeviceEventMaskGet
                0x0000000003801358       0x3c /Applications/VEXcode V5 Text.app/Contents/Resources/sdk/vexv5/libv5rt.a(v5_apijump.c.obj)
                0x0000000003801358                vexDeviceEventMaskGet
 .text.vexSystemVersion
                0x0000000003801394       0x10 /Applications/VEXcode V5 Text.app/Contents/Resources/sdk/vexv5/libv5rt.a(v5_apiversions.c.obj)
                0x0000000003801394                vexSystemVersion
 .text.vexStdlibVersion
                0x00000000038013a4       0x10 /Applications/VEXcode V5 Text.app/Contents/Resources/sdk/vexv5/libv5rt.a(v5_apiversions.c.obj)
                0x00000000038013a4                vexStdlibVersion
 .text._ZN3vex11this_thread9sleep_forEm
                0x00000000038013b4        0x4 /Applications/VEXcode V5 Text.app/Contents/Resources/sdk/vexv5/libv5rt.a(vex_thread.cpp.obj)
                0x00000000038013b4                vex::this_thread::sleep_for(unsigned long)
 .text._ZL9_hexDigitc
                0x00000000038013b8       0x48 /Applications/VEXcode V5 Text.app/Contents/Resources/sdk/vexv5/libv5rt.a(vex_brain.cpp.obj)
 .text._ZN3vex5brainD2Ev
                0x0000000003801400       0x20 /Applications/VEXcode V5 Text.app/Contents/Resources/sdk/vexv5/libv5rt.a(vex_brain.cpp.obj)
                0x0000000003801400                vex::brain::~brain()
                0x0000000003801400                vex::brain::~brain()
 .text._ZN3vex5brain9_getIndexEv
                0x0000000003801420       0x10 /Applications/VEXcode V5 Text.app/Contents/Resources/sdk/vexv5/libv5rt.a(vex_brain.cpp.obj)
                0x0000000003801420                vex::brain::_getIndex()
 .text._ZN3vex5brain3lcd9setCursorEll
                0x0000000003801430       0x44 /Applications/VEXcode V5 Text.app/Contents/Resources/sdk/vexv5/libv5rt.a(vex_brain.cpp.obj)
                0x0000000003801430                vex::brain::lcd::setCursor(long, long)
 .text._ZN3vex5brain3lcd7setFontENS_8fontTypeE
                0x0000000003801474      0x23c /Applications/VEXcode V5 Text.app/Contents/Resources/sdk/vexv5/libv5rt.a(vex_brain.cpp.obj)
                0x0000000003801474                vex::brain::lcd::setFont(vex::fontType)
 .text._ZN3vex5brain3lcdC2Ev
                0x00000000038016b0       0x94 /Applications/VEXcode V5 Text.app/Contents/Resources/sdk/vexv5/libv5rt.a(vex_brain.cpp.obj)
                0x00000000038016b0                vex::brain::lcd::lcd()
                0x00000000038016b0                vex::brain::lcd::lcd()
 .text._ZN3vex5brainC2Ev
                0x0000000003801744       0x38 /Applications/VEXcode V5 Text.app/Contents/Resources/sdk/vexv5/libv5rt.a(vex_brain.cpp.obj)
                0x0000000003801744                vex::brain::brain()
                0x0000000003801744                vex::brain::brain()
 .text._ZN3vex5brain3lcd7printAtEllPKcz
                0x000000000380177c       0x6c /Applications/VEXcode V5 Text.app/Contents/Resources/sdk/vexv5/libv5rt.a(vex_brain.cpp.obj)
                0x000000000380177c                vex::brain::lcd::printAt(long, long, char const*, ...)
 .text._ZN3vex5brain3lcd12_clearScreenEm
                0x00000000038017e8       0x38 /Applications/VEXcode V5 Text.app/Contents/Resources/sdk/vexv5/libv5rt.a(vex_brain.cpp.obj)
                0x00000000038017e8                vex::brain::lcd::_clearScreen(unsigned long)
 .text._ZN3vex5brain3lcd11clearScreenERKNS_5colorE
                0x0000000003801820       0x20 /Applications/VEXcode V5 Text.app/Contents/Resources/sdk/vexv5/libv5rt.a(vex_brain.cpp.obj)
                0x0000000003801820                vex::brain::lcd::clearScreen(vex::color const&)
 .text._ZN3vex5brain3lcd11clearScreenEv
                0x0000000003801840       0x2c /Applications/VEXcode V5 Text.app/Contents/Resources/sdk/vexv5/libv5rt.a(vex_brain.cpp.obj)
                0x0000000003801840                vex::brain::lcd::clearScreen()
 .text._ZN3vex5brain3lcd13drawRectangleEiiii
                0x000000000380186c       0xdc /Applications/VEXcode V5 Text.app/Contents/Resources/sdk/vexv5/libv5rt.a(vex_brain.cpp.obj)
                0x000000000380186c                vex::brain::lcd::drawRectangle(int, int, int, int)
 .text._ZN3vex5brain3lcd14_drawRectangleEiiiim
                0x0000000003801948       0x74 /Applications/VEXcode V5 Text.app/Contents/Resources/sdk/vexv5/libv5rt.a(vex_brain.cpp.obj)
                0x0000000003801948                vex::brain::lcd::_drawRectangle(int, int, int, int, unsigned long)
 .text._ZN3vex5brain3lcd9xPositionEv
                0x00000000038019bc       0x24 /Applications/VEXcode V5 Text.app/Contents/Resources/sdk/vexv5/libv5rt.a(vex_brain.cpp.obj)
                0x00000000038019bc                vex::brain::lcd::xPosition()
 .text._ZN3vex5brain3lcd9yPositionEv
                0x00000000038019e0       0x24 /Applications/VEXcode V5 Text.app/Contents/Resources/sdk/vexv5/libv5rt.a(vex_brain.cpp.obj)
                0x00000000038019e0                vex::brain::lcd::yPosition()
 .text._ZN3vex5brain3lcd8pressingEv
                0x0000000003801a04       0x20 /Applications/VEXcode V5 Text.app/Contents/Resources/sdk/vexv5/libv5rt.a(vex_brain.cpp.obj)
                0x0000000003801a04                vex::brain::lcd::pressing()
 .text._ZN3vex5brain3lcd13webColorToRgbEPKc
                0x0000000003801a24       0x9c /Applications/VEXcode V5 Text.app/Contents/Resources/sdk/vexv5/libv5rt.a(vex_brain.cpp.obj)
                0x0000000003801a24                vex::brain::lcd::webColorToRgb(char const*)
 .text._ZN3vex5brain3lcd11clearScreenEPKc
                0x0000000003801ac0       0x1c /Applications/VEXcode V5 Text.app/Contents/Resources/sdk/vexv5/libv5rt.a(vex_brain.cpp.obj)
                0x0000000003801ac0                vex::brain::lcd::clearScreen(char const*)
 *fill*         0x0000000003801adc        0x4 
 .text._ZN3vex5brain3lcd8hueToRgbEm
                0x0000000003801ae0       0xe0 /Applications/VEXcode V5 Text.app/Contents/Resources/sdk/vexv5/libv5rt.a(vex_brain.cpp.obj)
                0x0000000003801ae0                vex::brain::lcd::hueToRgb(unsigned long)
 .text._ZN3vex5brain3lcd13drawRectangleEiiiii
                0x0000000003801bc0       0x54 /Applications/VEXcode V5 Text.app/Contents/Resources/sdk/vexv5/libv5rt.a(vex_brain.cpp.obj)
                0x0000000003801bc0                vex::brain::lcd::drawRectangle(int, int, int, int, int)
 .text._ZN3vex7triport9installedEv
                0x0000000003801c14       0x18 /Applications/VEXcode V5 Text.app/Contents/Resources/sdk/vexv5/libv5rt.a(vex_triport.cpp.obj)
                0x0000000003801c14                vex::triport::installed()
 .text._ZN3vex7triportD2Ev
                0x0000000003801c2c       0x38 /Applications/VEXcode V5 Text.app/Contents/Resources/sdk/vexv5/libv5rt.a(vex_triport.cpp.obj)
                0x0000000003801c2c                vex::triport::~triport()
                0x0000000003801c2c                vex::triport::~triport()
 .text._ZN3vex7triport4portC2ElPS0_
                0x0000000003801c64       0x90 /Applications/VEXcode V5 Text.app/Contents/Resources/sdk/vexv5/libv5rt.a(vex_triport.cpp.obj)
                0x0000000003801c64                vex::triport::port::port(long, vex::triport*)
                0x0000000003801c64                vex::triport::port::port(long, vex::triport*)
 .text._ZN3vex7triportC2El
                0x0000000003801cf4       0xf0 /Applications/VEXcode V5 Text.app/Contents/Resources/sdk/vexv5/libv5rt.a(vex_triport.cpp.obj)
                0x0000000003801cf4                vex::triport::triport(long)
                0x0000000003801cf4                vex::triport::triport(long)
 .text.startup._GLOBAL__sub_I__ZN3vex7triportC2El
                0x0000000003801de4       0x30 /Applications/VEXcode V5 Text.app/Contents/Resources/sdk/vexv5/libv5rt.a(vex_triport.cpp.obj)
 .text._ZN3vex5colorD2Ev
                0x0000000003801e14        0x4 /Applications/VEXcode V5 Text.app/Contents/Resources/sdk/vexv5/libv5rt.a(vex_color.cpp.obj)
                0x0000000003801e14                vex::color::~color()
                0x0000000003801e14                vex::color::~color()
 .text._ZN3vex5colorC2Ehhh
                0x0000000003801e18       0x1c /Applications/VEXcode V5 Text.app/Contents/Resources/sdk/vexv5/libv5rt.a(vex_color.cpp.obj)
                0x0000000003801e18                vex::color::color(unsigned char, unsigned char, unsigned char)
                0x0000000003801e18                vex::color::color(unsigned char, unsigned char, unsigned char)
 .text._ZNK3vex5colorcvmEv
                0x0000000003801e34        0x8 /Applications/VEXcode V5 Text.app/Contents/Resources/sdk/vexv5/libv5rt.a(vex_color.cpp.obj)
                0x0000000003801e34                vex::color::operator unsigned long() const
 .text.startup._GLOBAL__sub_I__ZN3vex5color5blackE
                0x0000000003801e3c      0x164 /Applications/VEXcode V5 Text.app/Contents/Resources/sdk/vexv5/libv5rt.a(vex_color.cpp.obj)
 .text._ZN3vex5timerD2Ev
                0x0000000003801fa0        0x4 /Applications/VEXcode V5 Text.app/Contents/Resources/sdk/vexv5/libv5rt.a(vex_timer.cpp.obj)
                0x0000000003801fa0                vex::timer::~timer()
                0x0000000003801fa0                vex::timer::~timer()
 .text._ZN3vex5timer5clearEv
                0x0000000003801fa4       0x1c /Applications/VEXcode V5 Text.app/Contents/Resources/sdk/vexv5/libv5rt.a(vex_timer.cpp.obj)
                0x0000000003801fa4                vex::timer::clear()
 .text._ZN3vex5timerC2Ev
                0x0000000003801fc0       0x14 /Applications/VEXcode V5 Text.app/Contents/Resources/sdk/vexv5/libv5rt.a(vex_timer.cpp.obj)
                0x0000000003801fc0                vex::timer::timer()
                0x0000000003801fc0                vex::timer::timer()
 .text.vexAdiPortConfigSet
                0x0000000003801fd4       0x28 /Applications/VEXcode V5 Text.app/Contents/Resources/sdk/vexv5/libv5rt.a(v5_apiuser.c.obj)
                0x0000000003801fd4                vexAdiPortConfigSet
 .text.vexEventMaskSet
                0x0000000003801ffc       0x28 /Applications/VEXcode V5 Text.app/Contents/Resources/sdk/vexv5/libv5rt.a(v5_apiuser.c.obj)
                0x0000000003801ffc                vexEventMaskSet
 .text.vexEventMaskGet
                0x0000000003802024       0x18 /Applications/VEXcode V5 Text.app/Contents/Resources/sdk/vexv5/libv5rt.a(v5_apiuser.c.obj)
                0x0000000003802024                vexEventMaskGet
 .text._ZN3vex6device5valueEv
                0x000000000380203c        0x8 /Applications/VEXcode V5 Text.app/Contents/Resources/sdk/vexv5/libv5rt.a(vex_device.cpp.obj)
                0x000000000380203c                vex::device::value()
 .text._ZN3vex6deviceD2Ev
                0x0000000003802044        0x4 /Applications/VEXcode V5 Text.app/Contents/Resources/sdk/vexv5/libv5rt.a(vex_device.cpp.obj)
                0x0000000003802044                vex::device::~device()
                0x0000000003802044                vex::device::~device()
 .text._ZN3vex6device4initEl
                0x0000000003802048       0x30 /Applications/VEXcode V5 Text.app/Contents/Resources/sdk/vexv5/libv5rt.a(vex_device.cpp.obj)
                0x0000000003802048                vex::device::init(long)
 .text._ZN3vex6deviceC2El
                0x0000000003802078       0x20 /Applications/VEXcode V5 Text.app/Contents/Resources/sdk/vexv5/libv5rt.a(vex_device.cpp.obj)
                0x0000000003802078                vex::device::device(long)
                0x0000000003802078                vex::device::device(long)
 .text._ZN3vex6device4typeEv
                0x0000000003802098       0x10 /Applications/VEXcode V5 Text.app/Contents/Resources/sdk/vexv5/libv5rt.a(vex_device.cpp.obj)
                0x0000000003802098                vex::device::type()
 .text._ZN3vex6device9installedEv
                0x00000000038020a8       0x14 /Applications/VEXcode V5 Text.app/Contents/Resources/sdk/vexv5/libv5rt.a(vex_device.cpp.obj)
                0x00000000038020a8                vex::device::installed()
 .text._ZN3vex5event4initEmmPFvvE
                0x00000000038020bc        0x4 /Applications/VEXcode V5 Text.app/Contents/Resources/sdk/vexv5/libv5rt.a(vex_event.cpp.obj)
                0x00000000038020bc                vex::event::init(unsigned long, unsigned long, void (*)())
 .text._ZN3vex5event9userindexEv
                0x00000000038020c0        0x4 /Applications/VEXcode V5 Text.app/Contents/Resources/sdk/vexv5/libv5rt.a(vex_event.cpp.obj)
                0x00000000038020c0                vex::event::userindex()
 .text._ZZN3vex6meventC4EmmENUlvE_4_FUNEv
                0x00000000038020c4        0x4 /Applications/VEXcode V5 Text.app/Contents/Resources/sdk/vexv5/libv5rt.a(vex_mevent.cpp.obj)
 .text._ZN3vex6meventC2Emm
                0x00000000038020c8       0x70 /Applications/VEXcode V5 Text.app/Contents/Resources/sdk/vexv5/libv5rt.a(vex_mevent.cpp.obj)
                0x00000000038020c8                vex::mevent::mevent(unsigned long, unsigned long)
                0x00000000038020c8                vex::mevent::mevent(unsigned long, unsigned long)
 .text.__libc_fini_array
                0x0000000003802138       0x30 /Applications/VEXcode V5 Text.app/Contents/Resources/sdk/vexv5/gcc/libs/libc.a(lib_a-fini.o)
                0x0000000003802138                __libc_fini_array
 .text.__libc_init_array
                0x0000000003802168       0x58 /Applications/VEXcode V5 Text.app/Contents/Resources/sdk/vexv5/gcc/libs/libc.a(lib_a-init.o)
                0x0000000003802168                __libc_init_array
 .text.__libc_init_array.__stub
                0x00000000038021c0       0x18 linker stubs
 *(.gnu.linkonce.t.*)
 *(.plt)
 *(.gnu_warning)
 *(.gcc_except_table)
 *(.glue_7)
 .glue_7        0x00000000038021d8        0x0 linker stubs
 *(.glue_7t)
 .glue_7t       0x00000000038021d8        0x0 linker stubs
 *(.vfp11_veneer)
 .vfp11_veneer  0x00000000038021d8        0x0 linker stubs
 *(.ARM.extab)
 *(.gnu.linkonce.armextab.*)

.v4_bx          0x00000000038021d8        0x0
 .v4_bx         0x00000000038021d8        0x0 linker stubs

.iplt           0x00000000038021d8        0x0
 .iplt          0x00000000038021d8        0x0 build/src/main.o

.init
 *(.init)

.fini
 *(.fini)

.rodata         0x00000000038021d8       0xe4
                0x00000000038021d8                __rodata_start = .
 *(.rodata)
 *(.rodata.*)
 .rodata.str1.1
                0x00000000038021d8       0x59 build/src/main.o
                                         0x5a (size before relaxing)
 .rodata.str1.1
                0x0000000003802231       0x2e /Applications/VEXcode V5 Text.app/Contents/Resources/sdk/vexv5/libv5rt.a(v5_startup.c.obj)
 .rodata.str1.1
                0x000000000380225f       0x2b /Applications/VEXcode V5 Text.app/Contents/Resources/sdk/vexv5/libv5rt.a(vex_brain.cpp.obj)
 *fill*         0x000000000380228a        0x6 
 .rodata._ZTVN3vex7triportE
                0x0000000003802290       0x10 /Applications/VEXcode V5 Text.app/Contents/Resources/sdk/vexv5/libv5rt.a(vex_triport.cpp.obj)
                0x0000000003802290                vtable for vex::triport
 .rodata._ZN3vex6PORT22E
                0x00000000038022a0        0x4 /Applications/VEXcode V5 Text.app/Contents/Resources/sdk/vexv5/libv5rt.a(vex_global.cpp.obj)
                0x00000000038022a0                vex::PORT22
 *fill*         0x00000000038022a4        0x4 
 .rodata._ZTVN3vex6deviceE
                0x00000000038022a8       0x10 /Applications/VEXcode V5 Text.app/Contents/Resources/sdk/vexv5/libv5rt.a(vex_device.cpp.obj)
                0x00000000038022a8                vtable for vex::device
 .rodata.str1.4
                0x00000000038022b8        0x4 /Applications/VEXcode V5 Text.app/Contents/Resources/sdk/vexv5/gcc/libs/libc.a(lib_a-impure.o)
                                          0x2 (size before relaxing)
 *(.gnu.linkonce.r.*)
                0x00000000038022bc                __rodata_end = .

.rodata1        0x00000000038022bc        0x0
                0x00000000038022bc                __rodata1_start = .
 *(.rodata1)
 *(.rodata1.*)
                0x00000000038022bc                __rodata1_end = .

.sdata2         0x00000000038022bc        0x0
                0x00000000038022bc                __sdata2_start = .
 *(.sdata2)
 *(.sdata2.*)
 *(.gnu.linkonce.s2.*)
                0x00000000038022bc                __sdata2_end = .

.sbss2          0x00000000038022bc        0x0
                0x00000000038022bc                __sbss2_start = .
 *(.sbss2)
 *(.sbss2.*)
 *(.gnu.linkonce.sb2.*)
                0x00000000038022bc                __sbss2_end = .

.data           0x00000000038022c0      0x43c
                0x00000000038022c0                __data_start = .
 *(.data)
 *(.data.*)
 .data.xplace   0x00000000038022c0        0x4 build/src/main.o
                0x00000000038022c0                xplace
 .data.appRunning
                0x00000000038022c4        0x4 /Applications/VEXcode V5 Text.app/Contents/Resources/sdk/vexv5/libv5rt.a(v5_startup.c.obj)
                0x00000000038022c4                appRunning
 .data.__yoff   0x00000000038022c8        0x4 /Applications/VEXcode V5 Text.app/Contents/Resources/sdk/vexv5/libv5rt.a(v5_apijump.c.obj)
 *fill*         0x00000000038022cc        0x4 
 .data.impure_data
                0x00000000038022d0      0x428 /Applications/VEXcode V5 Text.app/Contents/Resources/sdk/vexv5/gcc/libs/libc.a(lib_a-impure.o)
 .data._impure_ptr
                0x00000000038026f8        0x4 /Applications/VEXcode V5 Text.app/Contents/Resources/sdk/vexv5/gcc/libs/libc.a(lib_a-impure.o)
                0x00000000038026f8                _impure_ptr
 *(.gnu.linkonce.d.*)
 *(.jcr)
 *(.got)
 *(.got.plt)
                0x00000000038026fc                __data_end = .

.igot.plt       0x00000000038026fc        0x0
 .igot.plt      0x00000000038026fc        0x0 build/src/main.o

.data1          0x00000000038026fc        0x0
                0x00000000038026fc                __data1_start = .
 *(.data1)
 *(.data1.*)
                0x00000000038026fc                __data1_end = .

.got
 *(.got)

.ctors          0x00000000038026fc        0x0
                0x00000000038026fc                __CTOR_LIST__ = .
                0x00000000038026fc                ___CTORS_LIST___ = .
 *crtbegin.o(.ctors)
 *(EXCLUDE_FILE(*crtend.o) .ctors)
 *(SORT_BY_NAME(.ctors.*))
 *(.ctors)
                0x00000000038026fc                __CTOR_END__ = .
                0x00000000038026fc                ___CTORS_END___ = .

.dtors          0x00000000038026fc        0x0
                0x00000000038026fc                __DTOR_LIST__ = .
                0x00000000038026fc                ___DTORS_LIST___ = .
 *crtbegin.o(.dtors)
 *(EXCLUDE_FILE(*crtend.o) .dtors)
 *(SORT_BY_NAME(.dtors.*))
 *(.dtors)
                0x00000000038026fc                __DTOR_END__ = .
                0x00000000038026fc                ___DTORS_END___ = .

.fixup          0x00000000038026fc        0x0
                0x00000000038026fc                __fixup_start = .
 *(.fixup)
                0x00000000038026fc                __fixup_end = .

.eh_frame
 *(.eh_frame)

.eh_framehdr    0x00000000038026fc        0x0
                0x00000000038026fc                __eh_framehdr_start = .
 *(.eh_framehdr)
                0x00000000038026fc                __eh_framehdr_end = .

.gcc_except_table
 *(.gcc_except_table)

.mmu_tbl        0x0000000003804000        0x0
                0x0000000003804000                __mmu_tbl_start = .
 *(.mmu_tbl)
                0x0000000003804000                __mmu_tbl_end = .

.ARM.exidx      0x00000000038026fc        0x8
                0x00000000038026fc                __exidx_start = .
 *(.ARM.exidx*)
 .ARM.exidx.text._Z10insertTextSsiiii
                0x00000000038026fc        0x8 build/src/main.o
 .ARM.exidx.text._ZN9lcdButtonC2EiiiiSsi
                0x0000000003802704        0x0 build/src/main.o
                                          0x8 (size before relaxing)
 .ARM.exidx.text._ZN9lcdButtonD2Ev
                0x0000000003802704        0x0 build/src/main.o
                                          0x8 (size before relaxing)
 .ARM.exidx.text._ZN9lcdButtonC2EiiiiSs
                0x0000000003802704        0x0 build/src/main.o
                                          0x8 (size before relaxing)
 .ARM.exidx.text._Z12drawTonomousv
                0x0000000003802704        0x0 build/src/main.o
                                          0x8 (size before relaxing)
 .ARM.exidx.text._ZN9lcdButton4drawEv
                0x0000000003802704        0x0 build/src/main.o
                                          0x8 (size before relaxing)
 .ARM.exidx.text.main
                0x0000000003802704        0x0 build/src/main.o
                                          0x8 (size before relaxing)
 .ARM.exidx.text._ZN9lcdButton8pressingEv
                0x0000000003802704        0x0 build/src/main.o
                                          0x8 (size before relaxing)
 .ARM.exidx.text._GLOBAL__sub_I_main.cpp
                0x0000000003802704        0x0 build/src/main.o
                                          0x8 (size before relaxing)
 .ARM.exidx.text._Z11vexcodeInitv
                0x0000000003802704        0x0 build/src/robot-config.o
                                          0x8 (size before relaxing)
 .ARM.exidx.text._GLOBAL__sub_I_robot_config.cpp
                0x0000000003802704        0x0 build/src/robot-config.o
                                          0x8 (size before relaxing)
 *(.gnu.linkonce.armexidix.*.*)
                0x0000000003802704                __exidx_end = .

.rel.dyn        0x0000000003802704        0x0
 .rel.iplt      0x0000000003802704        0x0 build/src/main.o

.preinit_array  0x0000000003802704        0x0
                0x0000000003802704                __preinit_array_start = .
 *(SORT_BY_NAME(.preinit_array.*))
 *(.preinit_array)
                0x0000000003802704                __preinit_array_end = .

.init_array     0x0000000003802704       0x10
                0x0000000003802704                __init_array_start = .
 *(SORT_BY_NAME(.init_array.*))
 *(.init_array)
 .init_array    0x0000000003802704        0x4 build/src/main.o
 .init_array    0x0000000003802708        0x4 build/src/robot-config.o
 .init_array    0x000000000380270c        0x4 /Applications/VEXcode V5 Text.app/Contents/Resources/sdk/vexv5/libv5rt.a(vex_triport.cpp.obj)
 .init_array    0x0000000003802710        0x4 /Applications/VEXcode V5 Text.app/Contents/Resources/sdk/vexv5/libv5rt.a(vex_color.cpp.obj)
                0x0000000003802714                __init_array_end = .

.fini_array     0x0000000003802714        0x0
                0x0000000003802714                __fini_array_start = .
 *(SORT_BY_NAME(.fini_array.*))
 *(.fini_array)
                0x0000000003802714                __fini_array_end = .

.ARM.attributes
                0x0000000003802714       0x3c
                0x0000000003802714                __ARM.attributes_start = .
 *(.ARM.attributes)
 .ARM.attributes
                0x0000000003802714       0x3a build/src/main.o
 .ARM.attributes
                0x000000000380274e       0x3a build/src/robot-config.o
 .ARM.attributes
                0x0000000003802788       0x35 /Applications/VEXcode V5 Text.app/Contents/Resources/sdk/vexv5/libv5rt.a(v5_startup.c.obj)
 .ARM.attributes
                0x00000000038027bd       0x35 /Applications/VEXcode V5 Text.app/Contents/Resources/sdk/vexv5/libv5rt.a(v5_util.c.obj)
 .ARM.attributes
                0x00000000038027f2       0x35 /Applications/VEXcode V5 Text.app/Contents/Resources/sdk/vexv5/libv5rt.a(v5_apijump.c.obj)
 .ARM.attributes
                0x0000000003802827       0x35 /Applications/VEXcode V5 Text.app/Contents/Resources/sdk/vexv5/libv5rt.a(v5_apiversions.c.obj)
 .ARM.attributes
                0x000000000380285c       0x35 /Applications/VEXcode V5 Text.app/Contents/Resources/sdk/vexv5/libv5rt.a(vex_thread.cpp.obj)
 .ARM.attributes
                0x0000000003802891       0x35 /Applications/VEXcode V5 Text.app/Contents/Resources/sdk/vexv5/libv5rt.a(vex_brain.cpp.obj)
 .ARM.attributes
                0x00000000038028c6       0x35 /Applications/VEXcode V5 Text.app/Contents/Resources/sdk/vexv5/libv5rt.a(vex_triport.cpp.obj)
 .ARM.attributes
                0x00000000038028fb       0x35 /Applications/VEXcode V5 Text.app/Contents/Resources/sdk/vexv5/libv5rt.a(vex_color.cpp.obj)
 .ARM.attributes
                0x0000000003802930       0x35 /Applications/VEXcode V5 Text.app/Contents/Resources/sdk/vexv5/libv5rt.a(vex_timer.cpp.obj)
 .ARM.attributes
                0x0000000003802965       0x35 /Applications/VEXcode V5 Text.app/Contents/Resources/sdk/vexv5/libv5rt.a(v5_apiuser.c.obj)
 .ARM.attributes
                0x000000000380299a       0x35 /Applications/VEXcode V5 Text.app/Contents/Resources/sdk/vexv5/libv5rt.a(vex_global.cpp.obj)
 .ARM.attributes
                0x00000000038029cf       0x35 /Applications/VEXcode V5 Text.app/Contents/Resources/sdk/vexv5/libv5rt.a(vex_device.cpp.obj)
 .ARM.attributes
                0x0000000003802a04       0x35 /Applications/VEXcode V5 Text.app/Contents/Resources/sdk/vexv5/libv5rt.a(vex_event.cpp.obj)
 .ARM.attributes
                0x0000000003802a39       0x35 /Applications/VEXcode V5 Text.app/Contents/Resources/sdk/vexv5/libv5rt.a(vex_mevent.cpp.obj)
 .ARM.attributes
                0x0000000003802a6e       0x2b /Applications/VEXcode V5 Text.app/Contents/Resources/sdk/vexv5/gcc/libs/libc.a(lib_a-fini.o)
 .ARM.attributes
                0x0000000003802a99       0x2b /Applications/VEXcode V5 Text.app/Contents/Resources/sdk/vexv5/gcc/libs/libc.a(lib_a-impure.o)
 .ARM.attributes
                0x0000000003802ac4       0x2b /Applications/VEXcode V5 Text.app/Contents/Resources/sdk/vexv5/gcc/libs/libc.a(lib_a-init.o)
                0x0000000003802aef                __ARM.attributes_end = .

.sdata          0x0000000003802714        0x0
                0x0000000003802714                __sdata_start = .
 *(.sdata)
 *(.sdata.*)
 *(.gnu.linkonce.s.*)
                0x0000000003802714                __sdata_end = .

.sbss           0x0000000003802714        0x0
                0x0000000003802714                __sbss_start = .
 *(.sbss)
 *(.sbss.*)
 *(.gnu.linkonce.sb.*)
                0x0000000003802714                __sbss_end = .

.tdata          0x0000000003802714        0x0
                0x0000000003802714                __tdata_start = .
 *(.tdata)
 *(.tdata.*)
 *(.gnu.linkonce.td.*)
                0x0000000003802714                __tdata_end = .

.tbss           0x0000000003802714        0x0
                0x0000000003802714                __tbss_start = .
 *(.tbss)
 *(.tbss.*)
 *(.gnu.linkonce.tb.*)
                0x0000000003802714                __tbss_end = .

.bss            0x0000000003802714      0x49d
                0x0000000003802714                __bss_start = .
 *(.bss)
 *(.bss.*)
 .bss.nextId    0x0000000003802714        0x4 build/src/main.o
                0x0000000003802714                nextId
 .bss.ColorChosen
                0x0000000003802718        0x4 build/src/main.o
                0x0000000003802718                ColorChosen
 .bss.redButton
                0x000000000380271c       0x2c build/src/main.o
                0x000000000380271c                redButton
 .bss.blueButton
                0x0000000003802748       0x2c build/src/main.o
                0x0000000003802748                blueButton
 .bss.confirm   0x0000000003802774       0x2c build/src/main.o
                0x0000000003802774                confirm
 .bss.none      0x00000000038027a0       0x2c build/src/main.o
                0x00000000038027a0                none
 .bss.redrun    0x00000000038027cc       0x2c build/src/main.o
                0x00000000038027cc                redrun
 .bss.red4      0x00000000038027f8       0x2c build/src/main.o
                0x00000000038027f8                red4
 .bss.bluerun   0x0000000003802824       0x2c build/src/main.o
                0x0000000003802824                bluerun
 .bss.blue4     0x0000000003802850       0x2c build/src/main.o
                0x0000000003802850                blue4
 .bss.Brain     0x000000000380287c      0x2dc build/src/robot-config.o
                0x000000000380287c                Brain
 .bss.__dso_handle
                0x0000000003802b58        0x4 /Applications/VEXcode V5 Text.app/Contents/Resources/sdk/vexv5/libv5rt.a(v5_startup.c.obj)
                0x0000000003802b58                __dso_handle
 .bss._ZStL8__ioinit
                0x0000000003802b5c        0x1 /Applications/VEXcode V5 Text.app/Contents/Resources/sdk/vexv5/libv5rt.a(vex_triport.cpp.obj)
 *fill*         0x0000000003802b5d        0x3 
 .bss._ZN3vex5color6orangeE
                0x0000000003802b60        0x8 /Applications/VEXcode V5 Text.app/Contents/Resources/sdk/vexv5/libv5rt.a(vex_color.cpp.obj)
                0x0000000003802b60                vex::color::orange
 .bss._ZN3vex5color5blackE
                0x0000000003802b68        0x8 /Applications/VEXcode V5 Text.app/Contents/Resources/sdk/vexv5/libv5rt.a(vex_color.cpp.obj)
                0x0000000003802b68                vex::color::black
 .bss._ZN3vex5color6yellowE
                0x0000000003802b70        0x8 /Applications/VEXcode V5 Text.app/Contents/Resources/sdk/vexv5/libv5rt.a(vex_color.cpp.obj)
                0x0000000003802b70                vex::color::yellow
 .bss._ZN3vex5color5greenE
                0x0000000003802b78        0x8 /Applications/VEXcode V5 Text.app/Contents/Resources/sdk/vexv5/libv5rt.a(vex_color.cpp.obj)
                0x0000000003802b78                vex::color::green
 .bss._ZN3vex5color6purpleE
                0x0000000003802b80        0x8 /Applications/VEXcode V5 Text.app/Contents/Resources/sdk/vexv5/libv5rt.a(vex_color.cpp.obj)
                0x0000000003802b80                vex::color::purple
 .bss._ZN3vex5color4cyanE
                0x0000000003802b88        0x8 /Applications/VEXcode V5 Text.app/Contents/Resources/sdk/vexv5/libv5rt.a(vex_color.cpp.obj)
                0x0000000003802b88                vex::color::cyan
 .bss._ZN3vex5color4blueE
                0x0000000003802b90        0x8 /Applications/VEXcode V5 Text.app/Contents/Resources/sdk/vexv5/libv5rt.a(vex_color.cpp.obj)
                0x0000000003802b90                vex::color::blue
 .bss._ZN3vex5color3redE
                0x0000000003802b98        0x8 /Applications/VEXcode V5 Text.app/Contents/Resources/sdk/vexv5/libv5rt.a(vex_color.cpp.obj)
                0x0000000003802b98                vex::color::red
 .bss._ZN3vex5color11transparentE
                0x0000000003802ba0        0x8 /Applications/VEXcode V5 Text.app/Contents/Resources/sdk/vexv5/libv5rt.a(vex_color.cpp.obj)
                0x0000000003802ba0                vex::color::transparent
 .bss._ZN3vex5color5whiteE
                0x0000000003802ba8        0x8 /Applications/VEXcode V5 Text.app/Contents/Resources/sdk/vexv5/libv5rt.a(vex_color.cpp.obj)
                0x0000000003802ba8                vex::color::white
 *(.gnu.linkonce.b.*)
 *(COMMON)
 COMMON         0x0000000003802bb0        0x1 /Applications/VEXcode V5 Text.app/Contents/Resources/sdk/vexv5/libv5rt.a(v5_startup.c.obj)
                0x0000000003802bb0                __vex_critical_section
                0x0000000003802bb1                __bss_end = .
                0x0000000003802714                _SDA_BASE_ = (__sdata_start + ((__sbss_end - __sdata_start) / 0x2))
                0x00000000038022bc                _SDA2_BASE_ = (__sdata2_start + ((__sbss2_end - __sdata2_start) / 0x2))

.heap           0x0000000003802bb1   0x10000f
                0x0000000003802bc0                . = ALIGN (0x10)
 *fill*         0x0000000003802bb1        0xf 
                0x0000000003802bc0                _heap = .
                0x0000000003802bc0                HeapBase = .
                0x0000000003802bc0                _heap_start = .
                0x0000000003902bc0                . = (. + _HEAP_SIZE)
 *fill*         0x0000000003802bc0   0x100000 
                0x0000000003902bc0                _heap_end = .
                0x0000000003902bc0                HeapLimit = .

.stack          0x0000000003902bc0     0x3800
                0x0000000003902bc0                . = ALIGN (0x10)
                0x0000000003902bc0                _stack_end = .
                0x0000000003904bc0                . = (. + _STACK_SIZE)
 *fill*         0x0000000003902bc0     0x2000 
                0x0000000003904bc0                . = ALIGN (0x10)
                0x0000000003904bc0                _stack = .
                0x0000000003904bc0                __stack = _stack
                0x0000000003904bc0                . = ALIGN (0x10)
                0x0000000003904bc0                _irq_stack_end = .
                0x0000000003904fc0                . = (. + _IRQ_STACK_SIZE)
 *fill*         0x0000000003904bc0      0x400 
                0x0000000003904fc0                . = ALIGN (0x10)
                0x0000000003904fc0                __irq_stack = .
                0x0000000003904fc0                _supervisor_stack_end = .
                0x00000000039057c0                . = (. + _SUPERVISOR_STACK_SIZE)
 *fill*         0x0000000003904fc0      0x800 
                0x00000000039057c0                . = ALIGN (0x10)
                0x00000000039057c0                __supervisor_stack = .
                0x00000000039057c0                _abort_stack_end = .
                0x0000000003905bc0                . = (. + _ABORT_STACK_SIZE)
 *fill*         0x00000000039057c0      0x400 
                0x0000000003905bc0                . = ALIGN (0x10)
                0x0000000003905bc0                __abort_stack = .
                0x0000000003905bc0                _fiq_stack_end = .
                0x0000000003905fc0                . = (. + _FIQ_STACK_SIZE)
 *fill*         0x0000000003905bc0      0x400 
                0x0000000003905fc0                . = ALIGN (0x10)
                0x0000000003905fc0                __fiq_stack = .
                0x0000000003905fc0                _undef_stack_end = .
                0x00000000039063c0                . = (. + _UNDEF_STACK_SIZE)
 *fill*         0x0000000003905fc0      0x400 
                0x00000000039063c0                . = ALIGN (0x10)
                0x00000000039063c0                __undef_stack = .
                0x00000000039063c0                _end = .
LOAD /Applications/VEXcode V5 Text.app/Contents/Resources/sdk/vexv5/stdlib_0.lib
LOAD build/src/main.o
LOAD build/src/robot-config.o
START GROUP
LOAD /Applications/VEXcode V5 Text.app/Contents/Resources/sdk/vexv5/libv5rt.a
LOAD /Applications/VEXcode V5 Text.app/Contents/Resources/sdk/vexv5/gcc/libs/libstdc++.a
LOAD /Applications/VEXcode V5 Text.app/Contents/Resources/sdk/vexv5/gcc/libs/libc.a
LOAD /Applications/VEXcode V5 Text.app/Contents/Resources/sdk/vexv5/gcc/libs/libm.a
LOAD /Applications/VEXcode V5 Text.app/Contents/Resources/sdk/vexv5/gcc/libs/libgcc.a
END GROUP
OUTPUT(build/ExampleAutonSelector.elf elf32-littlearm)

.comment        0x0000000000000000       0x9d
 .comment       0x0000000000000000       0x2d build/src/main.o
                                         0x2e (size before relaxing)
 .comment       0x000000000000002d       0x2e build/src/robot-config.o
 .comment       0x000000000000002d       0x70 /Applications/VEXcode V5 Text.app/Contents/Resources/sdk/vexv5/libv5rt.a(v5_startup.c.obj)
                                         0x71 (size before relaxing)
 .comment       0x000000000000009d       0x71 /Applications/VEXcode V5 Text.app/Contents/Resources/sdk/vexv5/libv5rt.a(v5_util.c.obj)
 .comment       0x000000000000009d       0x71 /Applications/VEXcode V5 Text.app/Contents/Resources/sdk/vexv5/libv5rt.a(v5_apijump.c.obj)
 .comment       0x000000000000009d       0x71 /Applications/VEXcode V5 Text.app/Contents/Resources/sdk/vexv5/libv5rt.a(v5_apiversions.c.obj)
 .comment       0x000000000000009d       0x71 /Applications/VEXcode V5 Text.app/Contents/Resources/sdk/vexv5/libv5rt.a(vex_thread.cpp.obj)
 .comment       0x000000000000009d       0x71 /Applications/VEXcode V5 Text.app/Contents/Resources/sdk/vexv5/libv5rt.a(vex_brain.cpp.obj)
 .comment       0x000000000000009d       0x71 /Applications/VEXcode V5 Text.app/Contents/Resources/sdk/vexv5/libv5rt.a(vex_triport.cpp.obj)
 .comment       0x000000000000009d       0x71 /Applications/VEXcode V5 Text.app/Contents/Resources/sdk/vexv5/libv5rt.a(vex_color.cpp.obj)
 .comment       0x000000000000009d       0x71 /Applications/VEXcode V5 Text.app/Contents/Resources/sdk/vexv5/libv5rt.a(vex_timer.cpp.obj)
 .comment       0x000000000000009d       0x71 /Applications/VEXcode V5 Text.app/Contents/Resources/sdk/vexv5/libv5rt.a(v5_apiuser.c.obj)
 .comment       0x000000000000009d       0x71 /Applications/VEXcode V5 Text.app/Contents/Resources/sdk/vexv5/libv5rt.a(vex_global.cpp.obj)
 .comment       0x000000000000009d       0x71 /Applications/VEXcode V5 Text.app/Contents/Resources/sdk/vexv5/libv5rt.a(vex_device.cpp.obj)
 .comment       0x000000000000009d       0x71 /Applications/VEXcode V5 Text.app/Contents/Resources/sdk/vexv5/libv5rt.a(vex_event.cpp.obj)
 .comment       0x000000000000009d       0x71 /Applications/VEXcode V5 Text.app/Contents/Resources/sdk/vexv5/libv5rt.a(vex_mevent.cpp.obj)

.note.GNU-stack
                0x0000000000000000        0x0
 .note.GNU-stack
                0x0000000000000000        0x0 build/src/main.o
 .note.GNU-stack
                0x0000000000000000        0x0 build/src/robot-config.o

.debug_frame    0x0000000000000000       0x60
 .debug_frame   0x0000000000000000       0x34 /Applications/VEXcode V5 Text.app/Contents/Resources/sdk/vexv5/gcc/libs/libc.a(lib_a-fini.o)
 .debug_frame   0x0000000000000034       0x2c /Applications/VEXcode V5 Text.app/Contents/Resources/sdk/vexv5/gcc/libs/libc.a(lib_a-init.o)
